{'header': {'statut': 200, 'message': 'OK', 'total': 198454, 'debut': 0, 'nombre': 20}, 'etablissements': [{'siren': '407570464', 'nic': '00054', 'siret': '40757046400054', 'statutDiffusionEtablissement': 'O', 'dateCreationEtablissement': '2021-09-01', 'trancheEffectifsEtablissement': None, 'anneeEffectifsEtablissement': None, 'activitePrincipaleRegistreMetiersEtablissement': None, 'dateDernierTraitementEtablissement': '2022-03-15T14:57:12', 'etablissementSiege': True, 'nombrePeriodesEtablissement': 1, 'uniteLegale': {'etatAdministratifUniteLegale': 'C', 'statutDiffusionUniteLegale': 'O', 'dateCreationUniteLegale': '1996-06-01', 'categorieJuridiqueUniteLegale': '1000', 'denominationUniteLegale': None, 'sigleUniteLegale': None, 'denominationUsuelle1UniteLegale': None, 'denominationUsuelle2UniteLegale': None, 'denominationUsuelle3UniteLegale': None, 'sexeUniteLegale': 'M', 'nomUniteLegale': 'MARRONE', 'nomUsageUniteLegale': None, 'prenom1UniteLegale': 'MATHIEU', 'prenom2UniteLegale': 'GAETAN', 'prenom3UniteLegale': None, 'prenom4UniteLegale': None, 'prenomUsuelUniteLegale': 'MATHIEU', 'pseudonymeUniteLegale': None, 'activitePrincipaleUniteLegale': '62.01Z', 'nomenclatureActivitePrincipaleUniteLegale': 'NAFRev2', 'identifiantAssociationUniteLegale': None, 'economieSocialeSolidaireUniteLegale': None, 'societeMissionUniteLegale': None, 'caractereEmployeurUniteLegale': 'N', 'trancheEffectifsUniteLegale': 'NN', 'anneeEffectifsUniteLegale': None, 'nicSiegeUniteLegale': '00054', 'dateDernierTraitementUniteLegale': '2022-03-15T14:57:12', 'categorieEntreprise': 'PME', 'anneeCategorieEntreprise': '2020'}, 'adresseEtablissement': {'complementAdresseEtablissement': 'BAT TERRA B', 'numeroVoieEtablissement': '105', 'indiceRepetitionEtablissement': None, 'typeVoieEtablissement': 'RUE', 'libelleVoieEtablissement': 'LAGREMEUSE', 'codePostalEtablissement': '13100', 'libelleCommuneEtablissement': 'AIX-EN-PROVENCE', 'libelleCommuneEtrangerEtablissement': None, 'distributionSpecialeEtablissement': None, 'codeCommuneEtablissement': '13001', 'codeCedexEtablissement': None, 'libelleCedexEtablissement': None, 'codePaysEtrangerEtablissement': None, 'libellePaysEtrangerEtablissement': None}, 'adresse2Etablissement': {'complementAdresse2Etablissement': None, 'numeroVoie2Etablissement': None, 'indiceRepetition2Etablissement': None, 'typeVoie2Etablissement': None, 'libelleVoie2Etablissement': None, 'codePostal2Etablissement': None, 'libelleCommune2Etablissement': None, 'libelleCommuneEtranger2Etablissement': None, 'distributionSpeciale2Etablissement': None, 'codeCommune2Etablissement': None, 'codeCedex2Etablissement': None, 'libelleCedex2Etablissement': None, 'codePaysEtranger2Etablissement': None, 'libellePaysEtranger2Etablissement': None}, 'periodesEtablissement': [{'dateFin': None, 'dateDebut': '2021-09-01', 'etatAdministratifEtablissement': 'F', 'changementEtatAdministratifEtablissement': False, 'enseigne1Etablissement': None, 'enseigne2Etablissement': None, 'enseigne3Etablissement': None, 'changementEnseigneEtablissement': False, 'denominationUsuelleEtablissement': '2MINFORMATIQUE', 'changementDenominationUsuelleEtablissement': False, 'activitePrincipaleEtablissement': '62.01Z', 'nomenclatureActivitePrincipaleEtablissement': 'NAFRev2', 'changementActivitePrincipaleEtablissement': False, 'caractereEmployeurEtablissement': 'N', 'changementCaractereEmployeurEtablissement': False}]}, {'siren': '404246795', 'nic': '00037', 'siret': '40424679500037', 'statutDiffusionEtablissement': 'O', 'dateCreationEtablissement': '2020-05-12', 'trancheEffectifsEtablissement': '01', 'anneeEffectifsEtablissement': '2020', 'activitePrincipaleRegistreMetiersEtablissement': None, 'dateDernierTraitementEtablissement': '2022-08-29T09:24:40', 'etablissementSiege': True, 'nombrePeriodesEtablissement': 1, 'uniteLegale': {'etatAdministratifUniteLegale': 'A', 'statutDiffusionUniteLegale': 'O', 'dateCreationUniteLegale': '1996-04-02', 'categorieJuridiqueUniteLegale': '5710', 'denominationUniteLegale': 'INTERNET POINT', 'sigleUniteLegale': None, 'denominationUsuelle1UniteLegale': None, 'denominationUsuelle2UniteLegale': None, 'denominationUsuelle3UniteLegale': None, 'sexeUniteLegale': None, 'nomUniteLegale': None, 'nomUsageUniteLegale': None, 'prenom1UniteLegale': None, 'prenom2UniteLegale': None, 'prenom3UniteLegale': None, 'prenom4UniteLegale': None, 'prenomUsuelUniteLegale': None, 'pseudonymeUniteLegale': None, 'activitePrincipaleUniteLegale': '62.01Z', 'nomenclatureActivitePrincipaleUniteLegale': 'NAFRev2', 'identifiantAssociationUniteLegale': None, 'economieSocialeSolidaireUniteLegale': 'N', 'societeMissionUniteLegale': None, 'caractereEmployeurUniteLegale': 'O', 'trancheEffectifsUniteLegale': '01', 'anneeEffectifsUniteLegale': '2020', 'nicSiegeUniteLegale': '00037', 'dateDernierTraitementUniteLegale': '2022-08-29T09:24:40', 'categorieEntreprise': 'PME', 'anneeCategorieEntreprise': '2020'}, 'adresseEtablissement': {'complementAdresseEtablissement': None, 'numeroVoieEtablissement': '21', 'indiceRepetitionEtablissement': None, 'typeVoieEtablissement': 'RTE', 'libelleVoieEtablissement': "D'AUXERRE GUERCHY", 'codePostalEtablissement': '89113', 'libelleCommuneEtablissement': 'VALRAVILLON', 'libelleCommuneEtrangerEtablissement': None, 'distributionSpecialeEtablissement': None, 'codeCommuneEtablissement': '89196', 'codeCedexEtablissement': None, 'libelleCedexEtablissement': None, 'codePaysEtrangerEtablissement': None, 'libellePaysEtrangerEtablissement': None}, 'adresse2Etablissement': {'complementAdresse2Etablissement': None, 'numeroVoie2Etablissement': None, 'indiceRepetition2Etablissement': None, 'typeVoie2Etablissement': None, 'libelleVoie2Etablissement': None, 'codePostal2Etablissement': None, 'libelleCommune2Etablissement': None, 'libelleCommuneEtranger2Etablissement': None, 'distributionSpeciale2Etablissement': None, 'codeCommune2Etablissement': None, 'codeCedex2Etablissement': None, 'libelleCedex2Etablissement': None, 'codePaysEtranger2Etablissement': None, 'libellePaysEtranger2Etablissement': None}, 'periodesEtablissement': [{'dateFin': None, 'dateDebut': '2020-05-12', 'etatAdministratifEtablissement': 'A', 'changementEtatAdministratifEtablissement': False, 'enseigne1Etablissement': 'I.POINT - I.SAT', 'enseigne2Etablissement': None, 'enseigne3Etablissement': None, 'changementEnseigneEtablissement': False, 'denominationUsuelleEtablissement': None, 'changementDenominationUsuelleEtablissement': False, 'activitePrincipaleEtablissement': '62.01Z', 'nomenclatureActivitePrincipaleEtablissement': 'NAFRev2', 'changementActivitePrincipaleEtablissement': False, 'caractereEmployeurEtablissement': 'O', 'changementCaractereEmployeurEtablissement': False}]}, {'siren': '393498050', 'nic': '00045', 'siret': '39349805000045', 'statutDiffusionEtablissement': 'O', 'dateCreationEtablissement': '2003-01-01', 'trancheEffectifsEtablissement': 'NN', 'anneeEffectifsEtablissement': None, 'activitePrincipaleRegistreMetiersEtablissement': None, 'dateDernierTraitementEtablissement': '2011-04-23T08:19:05', 'etablissementSiege': False, 'nombrePeriodesEtablissement': 4, 'uniteLegale': {'etatAdministratifUniteLegale': 'A', 'statutDiffusionUniteLegale': 'O', 'dateCreationUniteLegale': '1994-01-04', 'categorieJuridiqueUniteLegale': '1000', 'denominationUniteLegale': None, 'sigleUniteLegale': None, 'denominationUsuelle1UniteLegale': None, 'denominationUsuelle2UniteLegale': None, 'denominationUsuelle3UniteLegale': None, 'sexeUniteLegale': 'M', 'nomUniteLegale': 'SORDES', 'nomUsageUniteLegale': None, 'prenom1UniteLegale': 'RUDI', 'prenom2UniteLegale': None, 'prenom3UniteLegale': None, 'prenom4UniteLegale': None, 'prenomUsuelUniteLegale': 'RUDI', 'pseudonymeUniteLegale': None, 'activitePrincipaleUniteLegale': '82.99Z', 'nomenclatureActivitePrincipaleUniteLegale': 'NAFRev2', 'identifiantAssociationUniteLegale': None, 'economieSocialeSolidaireUniteLegale': None, 'societeMissionUniteLegale': None, 'caractereEmployeurUniteLegale': 'N', 'trancheEffectifsUniteLegale': 'NN', 'anneeEffectifsUniteLegale': None, 'nicSiegeUniteLegale': '00060', 'dateDernierTraitementUniteLegale': '2018-09-29T12:21:27', 'categorieEntreprise': 'PME', 'anneeCategorieEntreprise': '2020'}, 'adresseEtablissement': {'complementAdresseEtablissement': None, 'numeroVoieEtablissement': '16', 'indiceRepetitionEtablissement': None, 'typeVoieEtablissement': 'AV', 'libelleVoieEtablissement': 'LARRIEU THIBAUD', 'codePostalEtablissement': '31100', 'libelleCommuneEtablissement': 'TOULOUSE', 'libelleCommuneEtrangerEtablissement': None, 'distributionSpecialeEtablissement': None, 'codeCommuneEtablissement': '31555', 'codeCedexEtablissement': None, 'libelleCedexEtablissement': None, 'codePaysEtrangerEtablissement': None, 'libellePaysEtrangerEtablissement': None}, 'adresse2Etablissement': {'complementAdresse2Etablissement': None, 'numeroVoie2Etablissement': None, 'indiceRepetition2Etablissement': None, 'typeVoie2Etablissement': None, 'libelleVoie2Etablissement': None, 'codePostal2Etablissement': None, 'libelleCommune2Etablissement': None, 'libelleCommuneEtranger2Etablissement': None, 'distributionSpeciale2Etablissement': None, 'codeCommune2Etablissement': None, 'codeCedex2Etablissement': None, 'libelleCedex2Etablissement': None, 'codePaysEtranger2Etablissement': None, 'libellePaysEtranger2Etablissement': None}, 'periodesEtablissement': [{'dateFin': None, 'dateDebut': '2009-04-27', 'etatAdministratifEtablissement': 'F', 'changementEtatAdministratifEtablissement': True, 'enseigne1Etablissement': None, 'enseigne2Etablissement': None, 'enseigne3Etablissement': None, 'changementEnseigneEtablissement': False, 'denominationUsuelleEtablissement': None, 'changementDenominationUsuelleEtablissement': False, 'activitePrincipaleEtablissement': '62.01Z', 'nomenclatureActivitePrincipaleEtablissement': 'NAFRev2', 'changementActivitePrincipaleEtablissement': False, 'caractereEmployeurEtablissement': 'O', 'changementCaractereEmployeurEtablissement': False}, {'dateFin': '2009-04-26', 'dateDebut': '2008-01-01', 'etatAdministratifEtablissement': 'A', 'changementEtatAdministratifEtablissement': False, 'enseigne1Etablissement': None, 'enseigne2Etablissement': None, 'enseigne3Etablissement': None, 'changementEnseigneEtablissement': False, 'denominationUsuelleEtablissement': None, 'changementDenominationUsuelleEtablissement': False, 'activitePrincipaleEtablissement': '62.01Z', 'nomenclatureActivitePrincipaleEtablissement': 'NAFRev2', 'changementActivitePrincipaleEtablissement': True, 'caractereEmployeurEtablissement': 'O', 'changementCaractereEmployeurEtablissement': False}, {'dateFin': '2007-12-31', 'dateDebut': '2003-12-25', 'etatAdministratifEtablissement': 'A', 'changementEtatAdministratifEtablissement': False, 'enseigne1Etablissement': None, 'enseigne2Etablissement': None, 'enseigne3Etablissement': None, 'changementEnseigneEtablissement': False, 'denominationUsuelleEtablissement': None, 'changementDenominationUsuelleEtablissement': False, 'activitePrincipaleEtablissement': '72.2C', 'nomenclatureActivitePrincipaleEtablissement': 'NAFRev1', 'changementActivitePrincipaleEtablissement': True, 'caractereEmployeurEtablissement': 'O', 'changementCaractereEmployeurEtablissement': True}, {'dateFin': '2003-12-24', 'dateDebut': '2003-01-01', 'etatAdministratifEtablissement': 'A', 'changementEtatAdministratifEtablissement': False, 'enseigne1Etablissement': None, 'enseigne2Etablissement': None, 'enseigne3Etablissement': None, 'changementEnseigneEtablissement': False, 'denominationUsuelleEtablissement': None, 'changementDenominationUsuelleEtablissement': False, 'activitePrincipaleEtablissement': None, 'nomenclatureActivitePrincipaleEtablissement': None, 'changementActivitePrincipaleEtablissement': False, 'caractereEmployeurEtablissement': None, 'changementCaractereEmployeurEtablissement': False}]}, {'siren': '393539341', 'nic': '00023', 'siret': '39353934100023', 'statutDiffusionEtablissement': 'O', 'dateCreationEtablissement': '1997-04-11', 'trancheEffectifsEtablissement': 'NN', 'anneeEffectifsEtablissement': None, 'activitePrincipaleRegistreMetiersEtablissement': None, 'dateDernierTraitementEtablissement': '2011-04-23T08:19:17', 'etablissementSiege': False, 'nombrePeriodesEtablissement': 7, 'uniteLegale': {'etatAdministratifUniteLegale': 'A', 'statutDiffusionUniteLegale': 'O', 'dateCreationUniteLegale': '1994-01-02', 'categorieJuridiqueUniteLegale': '1000', 'denominationUniteLegale': None, 'sigleUniteLegale': None, 'denominationUsuelle1UniteLegale': None, 'denominationUsuelle2UniteLegale': None, 'denominationUsuelle3UniteLegale': None, 'sexeUniteLegale': 'M', 'nomUniteLegale': 'ROUSSEL', 'nomUsageUniteLegale': None, 'prenom1UniteLegale': 'JEAN', 'prenom2UniteLegale': 'YVES', 'prenom3UniteLegale': 'BERNARD', 'prenom4UniteLegale': None, 'prenomUsuelUniteLegale': 'JEAN', 'pseudonymeUniteLegale': None, 'activitePrincipaleUniteLegale': '90.02Z', 'nomenclatureActivitePrincipaleUniteLegale': 'NAFRev2', 'identifiantAssociationUniteLegale': None, 'economieSocialeSolidaireUniteLegale': None, 'societeMissionUniteLegale': None, 'caractereEmployeurUniteLegale': 'O', 'trancheEffectifsUniteLegale': '01', 'anneeEffectifsUniteLegale': '2020', 'nicSiegeUniteLegale': '00031', 'dateDernierTraitementUniteLegale': '2022-08-29T09:17:25', 'categorieEntreprise': 'PME', 'anneeCategorieEntreprise': '2020'}, 'adresseEtablissement': {'complementAdresseEtablissement': None, 'numeroVoieEtablissement': '54', 'indiceRepetitionEtablissement': None, 'typeVoieEtablissement': 'RUE', 'libelleVoieEtablissement': 'HENRI TOMASI', 'codePostalEtablissement': '13009', 'libelleCommuneEtablissement': 'MARSEILLE 9', 'libelleCommuneEtrangerEtablissement': None, 'distributionSpecialeEtablissement': None, 'codeCommuneEtablissement': '13209', 'codeCedexEtablissement': None, 'libelleCedexEtablissement': None, 'codePaysEtrangerEtablissement': None, 'libellePaysEtrangerEtablissement': None}, 'adresse2Etablissement': {'complementAdresse2Etablissement': None, 'numeroVoie2Etablissement': None, 'indiceRepetition2Etablissement': None, 'typeVoie2Etablissement': None, 'libelleVoie2Etablissement': None, 'codePostal2Etablissement': None, 'libelleCommune2Etablissement': None, 'libelleCommuneEtranger2Etablissement': None, 'distributionSpeciale2Etablissement': None, 'codeCommune2Etablissement': None, 'codeCedex2Etablissement': None, 'libelleCedex2Etablissement': None, 'codePaysEtranger2Etablissement': None, 'libellePaysEtranger2Etablissement': None}, 'periodesEtablissement': [{'dateFin': None, 'dateDebut': '2009-11-01', 'etatAdministratifEtablissement': 'F', 'changementEtatAdministratifEtablissement': True, 'enseigne1Etablissement': None, 'enseigne2Etablissement': None, 'enseigne3Etablissement': None, 'changementEnseigneEtablissement': False, 'denominationUsuelleEtablissement': None, 'changementDenominationUsuelleEtablissement': False, 'activitePrincipaleEtablissement': '62.01Z', 'nomenclatureActivitePrincipaleEtablissement': 'NAFRev2', 'changementActivitePrincipaleEtablissement': False, 'caractereEmployeurEtablissement': 'O', 'changementCaractereEmployeurEtablissement': False}, {'dateFin': '2009-10-31', 'dateDebut': '2008-12-31', 'etatAdministratifEtablissement': 'A', 'changementEtatAdministratifEtablissement': False, 'enseigne1Etablissement': None, 'enseigne2Etablissement': None, 'enseigne3Etablissement': None, 'changementEnseigneEtablissement': False, 'denominationUsuelleEtablissement': None, 'changementDenominationUsuelleEtablissement': False, 'activitePrincipaleEtablissement': '62.01Z', 'nomenclatureActivitePrincipaleEtablissement': 'NAFRev2', 'changementActivitePrincipaleEtablissement': False, 'caractereEmployeurEtablissement': 'O', 'changementCaractereEmployeurEtablissement': True}, {'dateFin': '2008-12-30', 'dateDebut': '2008-01-01', 'etatAdministratifEtablissement': 'A', 'changementEtatAdministratifEtablissement': False, 'enseigne1Etablissement': None, 'enseigne2Etablissement': None, 'enseigne3Etablissement': None, 'changementEnseigneEtablissement': False, 'denominationUsuelleEtablissement': None, 'changementDenominationUsuelleEtablissement': False, 'activitePrincipaleEtablissement': '62.01Z', 'nomenclatureActivitePrincipaleEtablissement': 'NAFRev2', 'changementActivitePrincipaleEtablissement': True, 'caractereEmployeurEtablissement': 'N', 'changementCaractereEmployeurEtablissement': False}, {'dateFin': '2007-12-31', 'dateDebut': '2003-12-25', 'etatAdministratifEtablissement': 'A', 'changementEtatAdministratifEtablissement': False, 'enseigne1Etablissement': None, 'enseigne2Etablissement': None, 'enseigne3Etablissement': None, 'changementEnseigneEtablissement': False, 'denominationUsuelleEtablissement': None, 'changementDenominationUsuelleEtablissement': False, 'activitePrincipaleEtablissement': '72.2C', 'nomenclatureActivitePrincipaleEtablissement': 'NAFRev1', 'changementActivitePrincipaleEtablissement': True, 'caractereEmployeurEtablissement': 'N', 'changementCaractereEmployeurEtablissement': False}, {'dateFin': '2003-12-24', 'dateDebut': '2000-12-25', 'etatAdministratifEtablissement': 'A', 'changementEtatAdministratifEtablissement': False, 'enseigne1Etablissement': None, 'enseigne2Etablissement': None, 'enseigne3Etablissement': None, 'changementEnseigneEtablissement': False, 'denominationUsuelleEtablissement': None, 'changementDenominationUsuelleEtablissement': False, 'activitePrincipaleEtablissement': '72.2Z', 'nomenclatureActivitePrincipaleEtablissement': 'NAF1993', 'changementActivitePrincipaleEtablissement': False, 'caractereEmployeurEtablissement': 'N', 'changementCaractereEmployeurEtablissement': True}, {'dateFin': '2000-12-24', 'dateDebut': '1997-12-25', 'etatAdministratifEtablissement': 'A', 'changementEtatAdministratifEtablissement': False, 'enseigne1Etablissement': None, 'enseigne2Etablissement': None, 'enseigne3Etablissement': None, 'changementEnseigneEtablissement': False, 'denominationUsuelleEtablissement': None, 'changementDenominationUsuelleEtablissement': False, 'activitePrincipaleEtablissement': '72.2Z', 'nomenclatureActivitePrincipaleEtablissement': 'NAF1993', 'changementActivitePrincipaleEtablissement': True, 'caractereEmployeurEtablissement': None, 'changementCaractereEmployeurEtablissement': False}, {'dateFin': '1997-12-24', 'dateDebut': '1997-04-11', 'etatAdministratifEtablissement': 'A', 'changementEtatAdministratifEtablissement': False, 'enseigne1Etablissement': None, 'enseigne2Etablissement': None, 'enseigne3Etablissement': None, 'changementEnseigneEtablissement': False, 'denominationUsuelleEtablissement': None, 'changementDenominationUsuelleEtablissement': False, 'activitePrincipaleEtablissement': None, 'nomenclatureActivitePrincipaleEtablissement': None, 'changementActivitePrincipaleEtablissement': False, 'caractereEmployeurEtablissement': None, 'changementCaractereEmployeurEtablissement': False}]}, {'siren': '393590203', 'nic': '00047', 'siret': '39359020300047', 'statutDiffusionEtablissement': 'O', 'dateCreationEtablissement': '2022-07-01', 'trancheEffectifsEtablissement': None, 'anneeEffectifsEtablissement': None, 'activitePrincipaleRegistreMetiersEtablissement': None, 'dateDernierTraitementEtablissement': '2022-08-25T11:28:34', 'etablissementSiege': False, 'nombrePeriodesEtablissement': 1, 'uniteLegale': {'etatAdministratifUniteLegale': 'A', 'statutDiffusionUniteLegale': 'O', 'dateCreationUniteLegale': '1994-01-01', 'categorieJuridiqueUniteLegale': '5710', 'denominationUniteLegale': 'IDEA', 'sigleUniteLegale': None, 'denominationUsuelle1UniteLegale': None, 'denominationUsuelle2UniteLegale': None, 'denominationUsuelle3UniteLegale': None, 'sexeUniteLegale': None, 'nomUniteLegale': None, 'nomUsageUniteLegale': None, 'prenom1UniteLegale': None, 'prenom2UniteLegale': None, 'prenom3UniteLegale': None, 'prenom4UniteLegale': None, 'prenomUsuelUniteLegale': None, 'pseudonymeUniteLegale': None, 'activitePrincipaleUniteLegale': '58.29A', 'nomenclatureActivitePrincipaleUniteLegale': 'NAFRev2', 'identifiantAssociationUniteLegale': None, 'economieSocialeSolidaireUniteLegale': 'N', 'societeMissionUniteLegale': 'N', 'caractereEmployeurUniteLegale': 'O', 'trancheEffectifsUniteLegale': '12', 'anneeEffectifsUniteLegale': '2020', 'nicSiegeUniteLegale': '00021', 'dateDernierTraitementUniteLegale': '2022-10-02T03:32:34', 'categorieEntreprise': 'PME', 'anneeCategorieEntreprise': '2020'}, 'adresseEtablissement': {'complementAdresseEtablissement': None, 'numeroVoieEtablissement': None, 'indiceRepetitionEtablissement': None, 'typeVoieEtablissement': 'RUE', 'libelleVoieEtablissement': 'DE LA CARRIERE DE BACHASSON', 'codePostalEtablissement': '13590', 'libelleCommuneEtablissement': 'MEYREUIL', 'libelleCommuneEtrangerEtablissement': None, 'distributionSpecialeEtablissement': None, 'codeCommuneEtablissement': '13060', 'codeCedexEtablissement': None, 'libelleCedexEtablissement': None, 'codePaysEtrangerEtablissement': None, 'libellePaysEtrangerEtablissement': None}, 'adresse2Etablissement': {'complementAdresse2Etablissement': None, 'numeroVoie2Etablissement': None, 'indiceRepetition2Etablissement': None, 'typeVoie2Etablissement': None, 'libelleVoie2Etablissement': None, 'codePostal2Etablissement': None, 'libelleCommune2Etablissement': None, 'libelleCommuneEtranger2Etablissement': None, 'distributionSpeciale2Etablissement': None, 'codeCommune2Etablissement': None, 'codeCedex2Etablissement': None, 'libelleCedex2Etablissement': None, 'codePaysEtranger2Etablissement': None, 'libellePaysEtranger2Etablissement': None}, 'periodesEtablissement': [{'dateFin': None, 'dateDebut': '2022-07-01', 'etatAdministratifEtablissement': 'A', 'changementEtatAdministratifEtablissement': False, 'enseigne1Etablissement': None, 'enseigne2Etablissement': None, 'enseigne3Etablissement': None, 'changementEnseigneEtablissement': False, 'denominationUsuelleEtablissement': None, 'changementDenominationUsuelleEtablissement': False, 'activitePrincipaleEtablissement': '62.01Z', 'nomenclatureActivitePrincipaleEtablissement': 'NAFRev2', 'changementActivitePrincipaleEtablissement': False, 'caractereEmployeurEtablissement': 'O', 'changementCaractereEmployeurEtablissement': False}]}, {'siren': '394410567', 'nic': '00041', 'siret': '39441056700041', 'statutDiffusionEtablissement': 'O', 'dateCreationEtablissement': '2008-09-01', 'trancheEffectifsEtablissement': '01', 'anneeEffectifsEtablissement': '2020', 'activitePrincipaleRegistreMetiersEtablissement': None, 'dateDernierTraitementEtablissement': '2022-08-29T09:18:08', 'etablissementSiege': False, 'nombrePeriodesEtablissement': 3, 'uniteLegale': {'etatAdministratifUniteLegale': 'A', 'statutDiffusionUniteLegale': 'O', 'dateCreationUniteLegale': '1994-03-08', 'categorieJuridiqueUniteLegale': '5599', 'denominationUniteLegale': 'INGENIERIE DIFFUSION MULTIMEDIA', 'sigleUniteLegale': 'IDM', 'denominationUsuelle1UniteLegale': 'DATAPASSE', 'denominationUsuelle2UniteLegale': None, 'denominationUsuelle3UniteLegale': None, 'sexeUniteLegale': None, 'nomUniteLegale': None, 'nomUsageUniteLegale': None, 'prenom1UniteLegale': None, 'prenom2UniteLegale': None, 'prenom3UniteLegale': None, 'prenom4UniteLegale': None, 'prenomUsuelUniteLegale': None, 'pseudonymeUniteLegale': None, 'activitePrincipaleUniteLegale': '62.01Z', 'nomenclatureActivitePrincipaleUniteLegale': 'NAFRev2', 'identifiantAssociationUniteLegale': None, 'economieSocialeSolidaireUniteLegale': 'N', 'societeMissionUniteLegale': 'N', 'caractereEmployeurUniteLegale': 'O', 'trancheEffectifsUniteLegale': '12', 'anneeEffectifsUniteLegale': '2020', 'nicSiegeUniteLegale': '00025', 'dateDernierTraitementUniteLegale': '2022-08-29T09:18:08', 'categorieEntreprise': 'PME', 'anneeCategorieEntreprise': '2020'}, 'adresseEtablissement': {'complementAdresseEtablissement': None, 'numeroVoieEtablissement': '31', 'indiceRepetitionEtablissement': None, 'typeVoieEtablissement': 'RUE', 'libelleVoieEtablissement': 'DU MAJOU', 'codePostalEtablissement': '46300', 'libelleCommuneEtablissement': 'GOURDON', 'libelleCommuneEtrangerEtablissement': None, 'distributionSpecialeEtablissement': None, 'codeCommuneEtablissement': '46127', 'codeCedexEtablissement': None, 'libelleCedexEtablissement': None, 'codePaysEtrangerEtablissement': None, 'libellePaysEtrangerEtablissement': None}, 'adresse2Etablissement': {'complementAdresse2Etablissement': None, 'numeroVoie2Etablissement': None, 'indiceRepetition2Etablissement': None, 'typeVoie2Etablissement': None, 'libelleVoie2Etablissement': None, 'codePostal2Etablissement': None, 'libelleCommune2Etablissement': None, 'libelleCommuneEtranger2Etablissement': None, 'distributionSpeciale2Etablissement': None, 'codeCommune2Etablissement': None, 'codeCedex2Etablissement': None, 'libelleCedex2Etablissement': None, 'codePaysEtranger2Etablissement': None, 'libellePaysEtranger2Etablissement': None}, 'periodesEtablissement': [{'dateFin': None, 'dateDebut': '2022-07-31', 'etatAdministratifEtablissement': 'F', 'changementEtatAdministratifEtablissement': True, 'enseigne1Etablissement': None, 'enseigne2Etablissement': None, 'enseigne3Etablissement': None, 'changementEnseigneEtablissement': False, 'denominationUsuelleEtablissement': None, 'changementDenominationUsuelleEtablissement': False, 'activitePrincipaleEtablissement': '62.01Z', 'nomenclatureActivitePrincipaleEtablissement': 'NAFRev2', 'changementActivitePrincipaleEtablissement': False, 'caractereEmployeurEtablissement': 'N', 'changementCaractereEmployeurEtablissement': False}, {'dateFin': '2022-07-30', 'dateDebut': '2022-06-30', 'etatAdministratifEtablissement': 'A', 'changementEtatAdministratifEtablissement': False, 'enseigne1Etablissement': None, 'enseigne2Etablissement': None, 'enseigne3Etablissement': None, 'changementEnseigneEtablissement': False, 'denominationUsuelleEtablissement': None, 'changementDenominationUsuelleEtablissement': False, 'activitePrincipaleEtablissement': '62.01Z', 'nomenclatureActivitePrincipaleEtablissement': 'NAFRev2', 'changementActivitePrincipaleEtablissement': False, 'caractereEmployeurEtablissement': 'N', 'changementCaractereEmployeurEtablissement': True}, {'dateFin': '2022-06-29', 'dateDebut': '2008-09-01', 'etatAdministratifEtablissement': 'A', 'changementEtatAdministratifEtablissement': False, 'enseigne1Etablissement': None, 'enseigne2Etablissement': None, 'enseigne3Etablissement': None, 'changementEnseigneEtablissement': False, 'denominationUsuelleEtablissement': None, 'changementDenominationUsuelleEtablissement': False, 'activitePrincipaleEtablissement': '62.01Z', 'nomenclatureActivitePrincipaleEtablissement': 'NAFRev2', 'changementActivitePrincipaleEtablissement': False, 'caractereEmployeurEtablissement': 'O', 'changementCaractereEmployeurEtablissement': False}]}, {'siren': '393910682', 'nic': '00037', 'siret': '39391068200037', 'statutDiffusionEtablissement': 'O', 'dateCreationEtablissement': '2006-01-01', 'trancheEffectifsEtablissement': 'NN', 'anneeEffectifsEtablissement': None, 'activitePrincipaleRegistreMetiersEtablissement': None, 'dateDernierTraitementEtablissement': '2009-03-09T15:26:41', 'etablissementSiege': False, 'nombrePeriodesEtablissement': 3, 'uniteLegale': {'etatAdministratifUniteLegale': 'C', 'statutDiffusionUniteLegale': 'O', 'dateCreationUniteLegale': '1994-02-01', 'categorieJuridiqueUniteLegale': '5710', 'denominationUniteLegale': 'ANSYS FRANCE', 'sigleUniteLegale': None, 'denominationUsuelle1UniteLegale': None, 'denominationUsuelle2UniteLegale': None, 'denominationUsuelle3UniteLegale': None, 'sexeUniteLegale': None, 'nomUniteLegale': None, 'nomUsageUniteLegale': None, 'prenom1UniteLegale': None, 'prenom2UniteLegale': None, 'prenom3UniteLegale': None, 'prenom4UniteLegale': None, 'prenomUsuelUniteLegale': None, 'pseudonymeUniteLegale': None, 'activitePrincipaleUniteLegale': '58.29C', 'nomenclatureActivitePrincipaleUniteLegale': 'NAFRev2', 'identifiantAssociationUniteLegale': None, 'economieSocialeSolidaireUniteLegale': None, 'societeMissionUniteLegale': None, 'caractereEmployeurUniteLegale': 'O', 'trancheEffectifsUniteLegale': 'NN', 'anneeEffectifsUniteLegale': None, 'nicSiegeUniteLegale': '00029', 'dateDernierTraitementUniteLegale': '2011-04-23T08:21:15', 'categorieEntreprise': None, 'anneeCategorieEntreprise': None}, 'adresseEtablissement': {'complementAdresseEtablissement': 'LES BUREAUX DE SEVRES', 'numeroVoieEtablissement': '2', 'indiceRepetitionEtablissement': None, 'typeVoieEtablissement': 'RUE', 'libelleVoieEtablissement': 'TROYON', 'codePostalEtablissement': '92310', 'libelleCommuneEtablissement': 'SEVRES', 'libelleCommuneEtrangerEtablissement': None, 'distributionSpecialeEtablissement': None, 'codeCommuneEtablissement': '92072', 'codeCedexEtablissement': '92316', 'libelleCedexEtablissement': 'SEVRES CEDEX', 'codePaysEtrangerEtablissement': None, 'libellePaysEtrangerEtablissement': None}, 'adresse2Etablissement': {'complementAdresse2Etablissement': None, 'numeroVoie2Etablissement': None, 'indiceRepetition2Etablissement': None, 'typeVoie2Etablissement': None, 'libelleVoie2Etablissement': None, 'codePostal2Etablissement': None, 'libelleCommune2Etablissement': None, 'libelleCommuneEtranger2Etablissement': None, 'distributionSpeciale2Etablissement': None, 'codeCommune2Etablissement': None, 'codeCedex2Etablissement': None, 'libelleCedex2Etablissement': None, 'codePaysEtranger2Etablissement': None, 'libellePaysEtranger2Etablissement': None}, 'periodesEtablissement': [{'dateFin': None, 'dateDebut': '2008-01-01', 'etatAdministratifEtablissement': 'F', 'changementEtatAdministratifEtablissement': False, 'enseigne1Etablissement': None, 'enseigne2Etablissement': None, 'enseigne3Etablissement': None, 'changementEnseigneEtablissement': False, 'denominationUsuelleEtablissement': None, 'changementDenominationUsuelleEtablissement': False, 'activitePrincipaleEtablissement': '62.01Z', 'nomenclatureActivitePrincipaleEtablissement': 'NAFRev2', 'changementActivitePrincipaleEtablissement': True, 'caractereEmployeurEtablissement': 'O', 'changementCaractereEmployeurEtablissement': False}, {'dateFin': '2007-12-31', 'dateDebut': '2007-02-16', 'etatAdministratifEtablissement': 'F', 'changementEtatAdministratifEtablissement': True, 'enseigne1Etablissement': None, 'enseigne2Etablissement': None, 'enseigne3Etablissement': None, 'changementEnseigneEtablissement': False, 'denominationUsuelleEtablissement': None, 'changementDenominationUsuelleEtablissement': False, 'activitePrincipaleEtablissement': '72.2C', 'nomenclatureActivitePrincipaleEtablissement': 'NAFRev1', 'changementActivitePrincipaleEtablissement': False, 'caractereEmployeurEtablissement': 'O', 'changementCaractereEmployeurEtablissement': False}, {'dateFin': '2007-02-15', 'dateDebut': '2006-01-01', 'etatAdministratifEtablissement': 'A', 'changementEtatAdministratifEtablissement': False, 'enseigne1Etablissement': None, 'enseigne2Etablissement': None, 'enseigne3Etablissement': None, 'changementEnseigneEtablissement': False, 'denominationUsuelleEtablissement': None, 'changementDenominationUsuelleEtablissement': False, 'activitePrincipaleEtablissement': '72.2C', 'nomenclatureActivitePrincipaleEtablissement': 'NAFRev1', 'changementActivitePrincipaleEtablissement': False, 'caractereEmployeurEtablissement': 'O', 'changementCaractereEmployeurEtablissement': False}]}, {'siren': '402909980', 'nic': '00037', 'siret': '40290998000037', 'statutDiffusionEtablissement': 'O', 'dateCreationEtablissement': '1999-01-11', 'trancheEffectifsEtablissement': None, 'anneeEffectifsEtablissement': None, 'activitePrincipaleRegistreMetiersEtablissement': None, 'dateDernierTraitementEtablissement': '2019-11-14T14:01:05', 'etablissementSiege': True, 'nombrePeriodesEtablissement': 4, 'uniteLegale': {'etatAdministratifUniteLegale': 'A', 'statutDiffusionUniteLegale': 'O', 'dateCreationUniteLegale': '1995-10-30', 'categorieJuridiqueUniteLegale': '5599', 'denominationUniteLegale': 'MEDIAPHONICS FRANCE', 'sigleUniteLegale': None, 'denominationUsuelle1UniteLegale': None, 'denominationUsuelle2UniteLegale': None, 'denominationUsuelle3UniteLegale': None, 'sexeUniteLegale': None, 'nomUniteLegale': None, 'nomUsageUniteLegale': None, 'prenom1UniteLegale': None, 'prenom2UniteLegale': None, 'prenom3UniteLegale': None, 'prenom4UniteLegale': None, 'prenomUsuelUniteLegale': None, 'pseudonymeUniteLegale': None, 'activitePrincipaleUniteLegale': '62.01Z', 'nomenclatureActivitePrincipaleUniteLegale': 'NAFRev2', 'identifiantAssociationUniteLegale': None, 'economieSocialeSolidaireUniteLegale': None, 'societeMissionUniteLegale': None, 'caractereEmployeurUniteLegale': 'N', 'trancheEffectifsUniteLegale': None, 'anneeEffectifsUniteLegale': None, 'nicSiegeUniteLegale': '00037', 'dateDernierTraitementUniteLegale': '2017-05-20T04:06:50', 'categorieEntreprise': 'PME', 'anneeCategorieEntreprise': '2020'}, 'adresseEtablissement': {'complementAdresseEtablissement': 'ZONE INDUSTRIELLE DU PARC', 'numeroVoieEtablissement': '9', 'indiceRepetitionEtablissement': None, 'typeVoieEtablissement': 'RUE', 'libelleVoieEtablissement': 'BICENTENAIRE DE LA REVOLUT', 'codePostalEtablissement': '91220', 'libelleCommuneEtablissement': 'LE PLESSIS-PATE', 'libelleCommuneEtrangerEtablissement': None, 'distributionSpecialeEtablissement': None, 'codeCommuneEtablissement': '91494', 'codeCedexEtablissement': None, 'libelleCedexEtablissement': None, 'codePaysEtrangerEtablissement': None, 'libellePaysEtrangerEtablissement': None}, 'adresse2Etablissement': {'complementAdresse2Etablissement': None, 'numeroVoie2Etablissement': None, 'indiceRepetition2Etablissement': None, 'typeVoie2Etablissement': None, 'libelleVoie2Etablissement': None, 'codePostal2Etablissement': None, 'libelleCommune2Etablissement': None, 'libelleCommuneEtranger2Etablissement': None, 'distributionSpeciale2Etablissement': None, 'codeCommune2Etablissement': None, 'codeCedex2Etablissement': None, 'libelleCedex2Etablissement': None, 'codePaysEtranger2Etablissement': None, 'libellePaysEtranger2Etablissement': None}, 'periodesEtablissement': [{'dateFin': None, 'dateDebut': '2008-01-01', 'etatAdministratifEtablissement': 'A', 'changementEtatAdministratifEtablissement': False, 'enseigne1Etablissement': None, 'enseigne2Etablissement': None, 'enseigne3Etablissement': None, 'changementEnseigneEtablissement': False, 'denominationUsuelleEtablissement': None, 'changementDenominationUsuelleEtablissement': False, 'activitePrincipaleEtablissement': '62.01Z', 'nomenclatureActivitePrincipaleEtablissement': 'NAFRev2', 'changementActivitePrincipaleEtablissement': True, 'caractereEmployeurEtablissement': 'N', 'changementCaractereEmployeurEtablissement': False}, {'dateFin': '2007-12-31', 'dateDebut': '2003-12-25', 'etatAdministratifEtablissement': 'A', 'changementEtatAdministratifEtablissement': False, 'enseigne1Etablissement': None, 'enseigne2Etablissement': None, 'enseigne3Etablissement': None, 'changementEnseigneEtablissement': False, 'denominationUsuelleEtablissement': None, 'changementDenominationUsuelleEtablissement': False, 'activitePrincipaleEtablissement': '72.2C', 'nomenclatureActivitePrincipaleEtablissement': 'NAFRev1', 'changementActivitePrincipaleEtablissement': True, 'caractereEmployeurEtablissement': 'N', 'changementCaractereEmployeurEtablissement': False}, {'dateFin': '2003-12-24', 'dateDebut': '1999-12-25', 'etatAdministratifEtablissement': 'A', 'changementEtatAdministratifEtablissement': False, 'enseigne1Etablissement': None, 'enseigne2Etablissement': None, 'enseigne3Etablissement': None, 'changementEnseigneEtablissement': False, 'denominationUsuelleEtablissement': None, 'changementDenominationUsuelleEtablissement': False, 'activitePrincipaleEtablissement': '72.2Z', 'nomenclatureActivitePrincipaleEtablissement': 'NAF1993', 'changementActivitePrincipaleEtablissement': True, 'caractereEmployeurEtablissement': 'N', 'changementCaractereEmployeurEtablissement': True}, {'dateFin': '1999-12-24', 'dateDebut': '1999-01-11', 'etatAdministratifEtablissement': 'A', 'changementEtatAdministratifEtablissement': False, 'enseigne1Etablissement': None, 'enseigne2Etablissement': None, 'enseigne3Etablissement': None, 'changementEnseigneEtablissement': False, 'denominationUsuelleEtablissement': None, 'changementDenominationUsuelleEtablissement': False, 'activitePrincipaleEtablissement': None, 'nomenclatureActivitePrincipaleEtablissement': None, 'changementActivitePrincipaleEtablissement': False, 'caractereEmployeurEtablissement': None, 'changementCaractereEmployeurEtablissement': False}]}, {'siren': '402920219', 'nic': '00068', 'siret': '40292021900068', 'statutDiffusionEtablissement': 'O', 'dateCreationEtablissement': '2014-08-17', 'trancheEffectifsEtablissement': None, 'anneeEffectifsEtablissement': None, 'activitePrincipaleRegistreMetiersEtablissement': '4321AB', 'dateDernierTraitementEtablissement': '2021-07-09T19:46:42', 'etablissementSiege': True, 'nombrePeriodesEtablissement': 4, 'uniteLegale': {'etatAdministratifUniteLegale': 'C', 'statutDiffusionUniteLegale': 'O', 'dateCreationUniteLegale': '1995-11-21', 'categorieJuridiqueUniteLegale': '1000', 'denominationUniteLegale': None, 'sigleUniteLegale': None, 'denominationUsuelle1UniteLegale': None, 'denominationUsuelle2UniteLegale': None, 'denominationUsuelle3UniteLegale': None, 'sexeUniteLegale': 'M', 'nomUniteLegale': 'KIYICI', 'nomUsageUniteLegale': None, 'prenom1UniteLegale': 'GERARD', 'prenom2UniteLegale': None, 'prenom3UniteLegale': None, 'prenom4UniteLegale': None, 'prenomUsuelUniteLegale': 'GERARD', 'pseudonymeUniteLegale': None, 'activitePrincipaleUniteLegale': '43.21A', 'nomenclatureActivitePrincipaleUniteLegale': 'NAFRev2', 'identifiantAssociationUniteLegale': None, 'economieSocialeSolidaireUniteLegale': None, 'societeMissionUniteLegale': None, 'caractereEmployeurUniteLegale': 'N', 'trancheEffectifsUniteLegale': None, 'anneeEffectifsUniteLegale': None, 'nicSiegeUniteLegale': '00068', 'dateDernierTraitementUniteLegale': '2021-07-09T19:46:42', 'categorieEntreprise': 'PME', 'anneeCategorieEntreprise': '2020'}, 'adresseEtablissement': {'complementAdresseEtablissement': None, 'numeroVoieEtablissement': '184', 'indiceRepetitionEtablissement': None, 'typeVoieEtablissement': 'RUE', 'libelleVoieEtablissement': 'DE ROME', 'codePostalEtablissement': '13006', 'libelleCommuneEtablissement': 'MARSEILLE 6', 'libelleCommuneEtrangerEtablissement': None, 'distributionSpecialeEtablissement': None, 'codeCommuneEtablissement': '13206', 'codeCedexEtablissement': None, 'libelleCedexEtablissement': None, 'codePaysEtrangerEtablissement': None, 'libellePaysEtrangerEtablissement': None}, 'adresse2Etablissement': {'complementAdresse2Etablissement': None, 'numeroVoie2Etablissement': None, 'indiceRepetition2Etablissement': None, 'typeVoie2Etablissement': None, 'libelleVoie2Etablissement': None, 'codePostal2Etablissement': None, 'libelleCommune2Etablissement': None, 'libelleCommuneEtranger2Etablissement': None, 'distributionSpeciale2Etablissement': None, 'codeCommune2Etablissement': None, 'codeCedex2Etablissement': None, 'libelleCedex2Etablissement': None, 'codePaysEtranger2Etablissement': None, 'libellePaysEtranger2Etablissement': None}, 'periodesEtablissement': [{'dateFin': None, 'dateDebut': '2020-12-31', 'etatAdministratifEtablissement': 'F', 'changementEtatAdministratifEtablissement': True, 'enseigne1Etablissement': None, 'enseigne2Etablissement': None, 'enseigne3Etablissement': None, 'changementEnseigneEtablissement': False, 'denominationUsuelleEtablissement': None, 'changementDenominationUsuelleEtablissement': False, 'activitePrincipaleEtablissement': '43.21A', 'nomenclatureActivitePrincipaleEtablissement': 'NAFRev2', 'changementActivitePrincipaleEtablissement': False, 'caractereEmployeurEtablissement': 'N', 'changementCaractereEmployeurEtablissement': False}, {'dateFin': '2020-12-30', 'dateDebut': '2015-11-01', 'etatAdministratifEtablissement': 'A', 'changementEtatAdministratifEtablissement': True, 'enseigne1Etablissement': None, 'enseigne2Etablissement': None, 'enseigne3Etablissement': None, 'changementEnseigneEtablissement': False, 'denominationUsuelleEtablissement': None, 'changementDenominationUsuelleEtablissement': False, 'activitePrincipaleEtablissement': '43.21A', 'nomenclatureActivitePrincipaleEtablissement': 'NAFRev2', 'changementActivitePrincipaleEtablissement': True, 'caractereEmployeurEtablissement': 'N', 'changementCaractereEmployeurEtablissement': False}, {'dateFin': '2015-10-31', 'dateDebut': '2014-09-01', 'etatAdministratifEtablissement': 'F', 'changementEtatAdministratifEtablissement': True, 'enseigne1Etablissement': None, 'enseigne2Etablissement': None, 'enseigne3Etablissement': None, 'changementEnseigneEtablissement': False, 'denominationUsuelleEtablissement': None, 'changementDenominationUsuelleEtablissement': False, 'activitePrincipaleEtablissement': '62.01Z', 'nomenclatureActivitePrincipaleEtablissement': 'NAFRev2', 'changementActivitePrincipaleEtablissement': False, 'caractereEmployeurEtablissement': 'N', 'changementCaractereEmployeurEtablissement': False}, {'dateFin': '2014-08-31', 'dateDebut': '2014-08-17', 'etatAdministratifEtablissement': 'A', 'changementEtatAdministratifEtablissement': False, 'enseigne1Etablissement': None, 'enseigne2Etablissement': None, 'enseigne3Etablissement': None, 'changementEnseigneEtablissement': False, 'denominationUsuelleEtablissement': None, 'changementDenominationUsuelleEtablissement': False, 'activitePrincipaleEtablissement': '62.01Z', 'nomenclatureActivitePrincipaleEtablissement': 'NAFRev2', 'changementActivitePrincipaleEtablissement': False, 'caractereEmployeurEtablissement': 'N', 'changementCaractereEmployeurEtablissement': False}]}, {'siren': '403044449', 'nic': '00011', 'siret': '40304444900011', 'statutDiffusionEtablissement': 'O', 'dateCreationEtablissement': '1995-11-21', 'trancheEffectifsEtablissement': 'NN', 'anneeEffectifsEtablissement': None, 'activitePrincipaleRegistreMetiersEtablissement': None, 'dateDernierTraitementEtablissement': '2017-02-10T19:38:37', 'etablissementSiege': True, 'nombrePeriodesEtablissement': 4, 'uniteLegale': {'etatAdministratifUniteLegale': 'C', 'statutDiffusionUniteLegale': 'O', 'dateCreationUniteLegale': '1995-11-21', 'categorieJuridiqueUniteLegale': '5499', 'denominationUniteLegale': 'ART ET ESPACE INTERNATIONAL AMBOISE', 'sigleUniteLegale': None, 'denominationUsuelle1UniteLegale': None, 'denominationUsuelle2UniteLegale': None, 'denominationUsuelle3UniteLegale': None, 'sexeUniteLegale': None, 'nomUniteLegale': None, 'nomUsageUniteLegale': None, 'prenom1UniteLegale': None, 'prenom2UniteLegale': None, 'prenom3UniteLegale': None, 'prenom4UniteLegale': None, 'prenomUsuelUniteLegale': None, 'pseudonymeUniteLegale': None, 'activitePrincipaleUniteLegale': '62.01Z', 'nomenclatureActivitePrincipaleUniteLegale': 'NAFRev2', 'identifiantAssociationUniteLegale': None, 'economieSocialeSolidaireUniteLegale': None, 'societeMissionUniteLegale': None, 'caractereEmployeurUniteLegale': 'N', 'trancheEffectifsUniteLegale': 'NN', 'anneeEffectifsUniteLegale': None, 'nicSiegeUniteLegale': '00011', 'dateDernierTraitementUniteLegale': '2017-02-10T19:38:37', 'categorieEntreprise': None, 'anneeCategorieEntreprise': None}, 'adresseEtablissement': {'complementAdresseEtablissement': None, 'numeroVoieEtablissement': '38', 'indiceRepetitionEtablissement': None, 'typeVoieEtablissement': 'QUAI', 'libelleVoieEtablissement': 'CHARLES GUINOT', 'codePostalEtablissement': '37400', 'libelleCommuneEtablissement': 'AMBOISE', 'libelleCommuneEtrangerEtablissement': None, 'distributionSpecialeEtablissement': None, 'codeCommuneEtablissement': '37003', 'codeCedexEtablissement': None, 'libelleCedexEtablissement': None, 'codePaysEtrangerEtablissement': None, 'libellePaysEtrangerEtablissement': None}, 'adresse2Etablissement': {'complementAdresse2Etablissement': None, 'numeroVoie2Etablissement': None, 'indiceRepetition2Etablissement': None, 'typeVoie2Etablissement': None, 'libelleVoie2Etablissement': None, 'codePostal2Etablissement': None, 'libelleCommune2Etablissement': None, 'libelleCommuneEtranger2Etablissement': None, 'distributionSpeciale2Etablissement': None, 'codeCommune2Etablissement': None, 'codeCedex2Etablissement': None, 'libelleCedex2Etablissement': None, 'codePaysEtranger2Etablissement': None, 'libellePaysEtranger2Etablissement': None}, 'periodesEtablissement': [{'dateFin': None, 'dateDebut': '2016-09-30', 'etatAdministratifEtablissement': 'F', 'changementEtatAdministratifEtablissement': True, 'enseigne1Etablissement': None, 'enseigne2Etablissement': None, 'enseigne3Etablissement': None, 'changementEnseigneEtablissement': False, 'denominationUsuelleEtablissement': None, 'changementDenominationUsuelleEtablissement': False, 'activitePrincipaleEtablissement': '62.01Z', 'nomenclatureActivitePrincipaleEtablissement': 'NAFRev2', 'changementActivitePrincipaleEtablissement': False, 'caractereEmployeurEtablissement': 'N', 'changementCaractereEmployeurEtablissement': False}, {'dateFin': '2016-09-29', 'dateDebut': '2008-01-01', 'etatAdministratifEtablissement': 'A', 'changementEtatAdministratifEtablissement': False, 'enseigne1Etablissement': None, 'enseigne2Etablissement': None, 'enseigne3Etablissement': None, 'changementEnseigneEtablissement': False, 'denominationUsuelleEtablissement': None, 'changementDenominationUsuelleEtablissement': False, 'activitePrincipaleEtablissement': '62.01Z', 'nomenclatureActivitePrincipaleEtablissement': 'NAFRev2', 'changementActivitePrincipaleEtablissement': True, 'caractereEmployeurEtablissement': 'N', 'changementCaractereEmployeurEtablissement': False}, {'dateFin': '2007-12-31', 'dateDebut': '1995-12-25', 'etatAdministratifEtablissement': 'A', 'changementEtatAdministratifEtablissement': False, 'enseigne1Etablissement': None, 'enseigne2Etablissement': None, 'enseigne3Etablissement': None, 'changementEnseigneEtablissement': False, 'denominationUsuelleEtablissement': None, 'changementDenominationUsuelleEtablissement': False, 'activitePrincipaleEtablissement': '74.4A', 'nomenclatureActivitePrincipaleEtablissement': 'NAF1993', 'changementActivitePrincipaleEtablissement': True, 'caractereEmployeurEtablissement': 'N', 'changementCaractereEmployeurEtablissement': False}, {'dateFin': '1995-12-24', 'dateDebut': '1995-11-21', 'etatAdministratifEtablissement': 'A', 'changementEtatAdministratifEtablissement': False, 'enseigne1Etablissement': None, 'enseigne2Etablissement': None, 'enseigne3Etablissement': None, 'changementEnseigneEtablissement': False, 'denominationUsuelleEtablissement': None, 'changementDenominationUsuelleEtablissement': False, 'activitePrincipaleEtablissement': None, 'nomenclatureActivitePrincipaleEtablissement': None, 'changementActivitePrincipaleEtablissement': False, 'caractereEmployeurEtablissement': 'N', 'changementCaractereEmployeurEtablissement': False}]}, {'siren': '403060981', 'nic': '00038', 'siret': '40306098100038', 'statutDiffusionEtablissement': 'O', 'dateCreationEtablissement': '2002-12-27', 'trancheEffectifsEtablissement': 'NN', 'anneeEffectifsEtablissement': None, 'activitePrincipaleRegistreMetiersEtablissement': None, 'dateDernierTraitementEtablissement': '2010-04-18T07:03:37', 'etablissementSiege': True, 'nombrePeriodesEtablissement': 4, 'uniteLegale': {'etatAdministratifUniteLegale': 'A', 'statutDiffusionUniteLegale': 'O', 'dateCreationUniteLegale': '1995-12-06', 'categorieJuridiqueUniteLegale': '5499', 'denominationUniteLegale': 'ITRIS', 'sigleUniteLegale': None, 'denominationUsuelle1UniteLegale': None, 'denominationUsuelle2UniteLegale': None, 'denominationUsuelle3UniteLegale': None, 'sexeUniteLegale': None, 'nomUniteLegale': None, 'nomUsageUniteLegale': None, 'prenom1UniteLegale': None, 'prenom2UniteLegale': None, 'prenom3UniteLegale': None, 'prenom4UniteLegale': None, 'prenomUsuelUniteLegale': None, 'pseudonymeUniteLegale': None, 'activitePrincipaleUniteLegale': '62.01Z', 'nomenclatureActivitePrincipaleUniteLegale': 'NAFRev2', 'identifiantAssociationUniteLegale': None, 'economieSocialeSolidaireUniteLegale': None, 'societeMissionUniteLegale': None, 'caractereEmployeurUniteLegale': 'O', 'trancheEffectifsUniteLegale': 'NN', 'anneeEffectifsUniteLegale': None, 'nicSiegeUniteLegale': '00038', 'dateDernierTraitementUniteLegale': '2010-08-14T00:51:00', 'categorieEntreprise': None, 'anneeCategorieEntreprise': None}, 'adresseEtablissement': {'complementAdresseEtablissement': None, 'numeroVoieEtablissement': '95', 'indiceRepetitionEtablissement': None, 'typeVoieEtablissement': 'RUE', 'libelleVoieEtablissement': 'GENERAL MANGIN', 'codePostalEtablissement': '38100', 'libelleCommuneEtablissement': 'GRENOBLE', 'libelleCommuneEtrangerEtablissement': None, 'distributionSpecialeEtablissement': None, 'codeCommuneEtablissement': '38185', 'codeCedexEtablissement': None, 'libelleCedexEtablissement': None, 'codePaysEtrangerEtablissement': None, 'libellePaysEtrangerEtablissement': None}, 'adresse2Etablissement': {'complementAdresse2Etablissement': None, 'numeroVoie2Etablissement': None, 'indiceRepetition2Etablissement': None, 'typeVoie2Etablissement': None, 'libelleVoie2Etablissement': None, 'codePostal2Etablissement': None, 'libelleCommune2Etablissement': None, 'libelleCommuneEtranger2Etablissement': None, 'distributionSpeciale2Etablissement': None, 'codeCommune2Etablissement': None, 'codeCedex2Etablissement': None, 'libelleCedex2Etablissement': None, 'codePaysEtranger2Etablissement': None, 'libellePaysEtranger2Etablissement': None}, 'periodesEtablissement': [{'dateFin': None, 'dateDebut': '2008-04-01', 'etatAdministratifEtablissement': 'F', 'changementEtatAdministratifEtablissement': True, 'enseigne1Etablissement': None, 'enseigne2Etablissement': None, 'enseigne3Etablissement': None, 'changementEnseigneEtablissement': False, 'denominationUsuelleEtablissement': None, 'changementDenominationUsuelleEtablissement': False, 'activitePrincipaleEtablissement': '62.01Z', 'nomenclatureActivitePrincipaleEtablissement': 'NAFRev2', 'changementActivitePrincipaleEtablissement': False, 'caractereEmployeurEtablissement': 'O', 'changementCaractereEmployeurEtablissement': False}, {'dateFin': '2008-03-31', 'dateDebut': '2008-01-01', 'etatAdministratifEtablissement': 'A', 'changementEtatAdministratifEtablissement': False, 'enseigne1Etablissement': None, 'enseigne2Etablissement': None, 'enseigne3Etablissement': None, 'changementEnseigneEtablissement': False, 'denominationUsuelleEtablissement': None, 'changementDenominationUsuelleEtablissement': False, 'activitePrincipaleEtablissement': '62.01Z', 'nomenclatureActivitePrincipaleEtablissement': 'NAFRev2', 'changementActivitePrincipaleEtablissement': True, 'caractereEmployeurEtablissement': 'O', 'changementCaractereEmployeurEtablissement': False}, {'dateFin': '2007-12-31', 'dateDebut': '2002-12-27', 'etatAdministratifEtablissement': 'A', 'changementEtatAdministratifEtablissement': True, 'enseigne1Etablissement': None, 'enseigne2Etablissement': None, 'enseigne3Etablissement': None, 'changementEnseigneEtablissement': False, 'denominationUsuelleEtablissement': None, 'changementDenominationUsuelleEtablissement': False, 'activitePrincipaleEtablissement': '72.2C', 'nomenclatureActivitePrincipaleEtablissement': 'NAF1993', 'changementActivitePrincipaleEtablissement': False, 'caractereEmployeurEtablissement': 'O', 'changementCaractereEmployeurEtablissement': False}, {'dateFin': '2002-12-26', 'dateDebut': '2002-12-25', 'etatAdministratifEtablissement': None, 'changementEtatAdministratifEtablissement': False, 'enseigne1Etablissement': None, 'enseigne2Etablissement': None, 'enseigne3Etablissement': None, 'changementEnseigneEtablissement': False, 'denominationUsuelleEtablissement': None, 'changementDenominationUsuelleEtablissement': False, 'activitePrincipaleEtablissement': '72.2C', 'nomenclatureActivitePrincipaleEtablissement': 'NAF1993', 'changementActivitePrincipaleEtablissement': False, 'caractereEmployeurEtablissement': 'O', 'changementCaractereEmployeurEtablissement': False}]}, {'siren': '403181423', 'nic': '00050', 'siret': '40318142300050', 'statutDiffusionEtablissement': 'O', 'dateCreationEtablissement': '2018-02-02', 'trancheEffectifsEtablissement': None, 'anneeEffectifsEtablissement': None, 'activitePrincipaleRegistreMetiersEtablissement': '7420ZQ', 'dateDernierTraitementEtablissement': '2021-08-04T08:37:45', 'etablissementSiege': True, 'nombrePeriodesEtablissement': 4, 'uniteLegale': {'etatAdministratifUniteLegale': 'C', 'statutDiffusionUniteLegale': 'O', 'dateCreationUniteLegale': '1996-01-01', 'categorieJuridiqueUniteLegale': '1000', 'denominationUniteLegale': None, 'sigleUniteLegale': None, 'denominationUsuelle1UniteLegale': None, 'denominationUsuelle2UniteLegale': None, 'denominationUsuelle3UniteLegale': None, 'sexeUniteLegale': 'F', 'nomUniteLegale': 'COLLETTA', 'nomUsageUniteLegale': None, 'prenom1UniteLegale': 'MAGALI', 'prenom2UniteLegale': None, 'prenom3UniteLegale': None, 'prenom4UniteLegale': None, 'prenomUsuelUniteLegale': 'MAGALI', 'pseudonymeUniteLegale': None, 'activitePrincipaleUniteLegale': '62.01Z', 'nomenclatureActivitePrincipaleUniteLegale': 'NAFRev2', 'identifiantAssociationUniteLegale': None, 'economieSocialeSolidaireUniteLegale': None, 'societeMissionUniteLegale': None, 'caractereEmployeurUniteLegale': 'N', 'trancheEffectifsUniteLegale': None, 'anneeEffectifsUniteLegale': None, 'nicSiegeUniteLegale': '00050', 'dateDernierTraitementUniteLegale': '2021-08-04T08:37:45', 'categorieEntreprise': 'PME', 'anneeCategorieEntreprise': '2020'}, 'adresseEtablissement': {'complementAdresseEtablissement': 'LE RICHELIEU BAT B', 'numeroVoieEtablissement': '172', 'indiceRepetitionEtablissement': None, 'typeVoieEtablissement': 'RUE', 'libelleVoieEtablissement': 'MOREAU', 'codePostalEtablissement': '83200', 'libelleCommuneEtablissement': 'TOULON', 'libelleCommuneEtrangerEtablissement': None, 'distributionSpecialeEtablissement': None, 'codeCommuneEtablissement': '83137', 'codeCedexEtablissement': None, 'libelleCedexEtablissement': None, 'codePaysEtrangerEtablissement': None, 'libellePaysEtrangerEtablissement': None}, 'adresse2Etablissement': {'complementAdresse2Etablissement': None, 'numeroVoie2Etablissement': None, 'indiceRepetition2Etablissement': None, 'typeVoie2Etablissement': None, 'libelleVoie2Etablissement': None, 'codePostal2Etablissement': None, 'libelleCommune2Etablissement': None, 'libelleCommuneEtranger2Etablissement': None, 'distributionSpeciale2Etablissement': None, 'codeCommune2Etablissement': None, 'codeCedex2Etablissement': None, 'libelleCedex2Etablissement': None, 'codePaysEtranger2Etablissement': None, 'libellePaysEtranger2Etablissement': None}, 'periodesEtablissement': [{'dateFin': None, 'dateDebut': '2021-08-01', 'etatAdministratifEtablissement': 'F', 'changementEtatAdministratifEtablissement': True, 'enseigne1Etablissement': None, 'enseigne2Etablissement': None, 'enseigne3Etablissement': None, 'changementEnseigneEtablissement': False, 'denominationUsuelleEtablissement': 'CREATION DE SITES INTERNET', 'changementDenominationUsuelleEtablissement': False, 'activitePrincipaleEtablissement': '62.01Z', 'nomenclatureActivitePrincipaleEtablissement': 'NAFRev2', 'changementActivitePrincipaleEtablissement': False, 'caractereEmployeurEtablissement': 'N', 'changementCaractereEmployeurEtablissement': False}, {'dateFin': '2021-07-31', 'dateDebut': '2021-03-17', 'etatAdministratifEtablissement': 'A', 'changementEtatAdministratifEtablissement': True, 'enseigne1Etablissement': None, 'enseigne2Etablissement': None, 'enseigne3Etablissement': None, 'changementEnseigneEtablissement': False, 'denominationUsuelleEtablissement': 'CREATION DE SITES INTERNET', 'changementDenominationUsuelleEtablissement': True, 'activitePrincipaleEtablissement': '62.01Z', 'nomenclatureActivitePrincipaleEtablissement': 'NAFRev2', 'changementActivitePrincipaleEtablissement': True, 'caractereEmployeurEtablissement': 'N', 'changementCaractereEmployeurEtablissement': False}, {'dateFin': '2021-03-16', 'dateDebut': '2018-06-20', 'etatAdministratifEtablissement': 'F', 'changementEtatAdministratifEtablissement': True, 'enseigne1Etablissement': None, 'enseigne2Etablissement': None, 'enseigne3Etablissement': None, 'changementEnseigneEtablissement': False, 'denominationUsuelleEtablissement': 'OBJECTIF EMOTION', 'changementDenominationUsuelleEtablissement': False, 'activitePrincipaleEtablissement': '74.20Z', 'nomenclatureActivitePrincipaleEtablissement': 'NAFRev2', 'changementActivitePrincipaleEtablissement': False, 'caractereEmployeurEtablissement': 'N', 'changementCaractereEmployeurEtablissement': False}, {'dateFin': '2018-06-19', 'dateDebut': '2018-02-02', 'etatAdministratifEtablissement': 'A', 'changementEtatAdministratifEtablissement': False, 'enseigne1Etablissement': None, 'enseigne2Etablissement': None, 'enseigne3Etablissement': None, 'changementEnseigneEtablissement': False, 'denominationUsuelleEtablissement': 'OBJECTIF EMOTION', 'changementDenominationUsuelleEtablissement': False, 'activitePrincipaleEtablissement': '74.20Z', 'nomenclatureActivitePrincipaleEtablissement': 'NAFRev2', 'changementActivitePrincipaleEtablissement': False, 'caractereEmployeurEtablissement': 'N', 'changementCaractereEmployeurEtablissement': False}]}, {'siren': '403186679', 'nic': '00011', 'siret': '40318667900011', 'statutDiffusionEtablissement': 'O', 'dateCreationEtablissement': '1995-12-15', 'trancheEffectifsEtablissement': 'NN', 'anneeEffectifsEtablissement': None, 'activitePrincipaleRegistreMetiersEtablissement': None, 'dateDernierTraitementEtablissement': '2008-01-04T20:18:05', 'etablissementSiege': True, 'nombrePeriodesEtablissement': 4, 'uniteLegale': {'etatAdministratifUniteLegale': 'A', 'statutDiffusionUniteLegale': 'O', 'dateCreationUniteLegale': '1995-12-15', 'categorieJuridiqueUniteLegale': '5499', 'denominationUniteLegale': 'BERTIER SARL', 'sigleUniteLegale': None, 'denominationUsuelle1UniteLegale': 'BA BASE', 'denominationUsuelle2UniteLegale': None, 'denominationUsuelle3UniteLegale': None, 'sexeUniteLegale': None, 'nomUniteLegale': None, 'nomUsageUniteLegale': None, 'prenom1UniteLegale': None, 'prenom2UniteLegale': None, 'prenom3UniteLegale': None, 'prenom4UniteLegale': None, 'prenomUsuelUniteLegale': None, 'pseudonymeUniteLegale': None, 'activitePrincipaleUniteLegale': '62.01Z', 'nomenclatureActivitePrincipaleUniteLegale': 'NAFRev2', 'identifiantAssociationUniteLegale': None, 'economieSocialeSolidaireUniteLegale': None, 'societeMissionUniteLegale': None, 'caractereEmployeurUniteLegale': 'N', 'trancheEffectifsUniteLegale': 'NN', 'anneeEffectifsUniteLegale': None, 'nicSiegeUniteLegale': '00011', 'dateDernierTraitementUniteLegale': '2017-05-20T04:10:04', 'categorieEntreprise': 'PME', 'anneeCategorieEntreprise': '2020'}, 'adresseEtablissement': {'complementAdresseEtablissement': None, 'numeroVoieEtablissement': '6', 'indiceRepetitionEtablissement': None, 'typeVoieEtablissement': 'RUE', 'libelleVoieEtablissement': 'SCIPION', 'codePostalEtablissement': '75005', 'libelleCommuneEtablissement': 'PARIS 5', 'libelleCommuneEtrangerEtablissement': None, 'distributionSpecialeEtablissement': None, 'codeCommuneEtablissement': '75105', 'codeCedexEtablissement': None, 'libelleCedexEtablissement': None, 'codePaysEtrangerEtablissement': None, 'libellePaysEtrangerEtablissement': None}, 'adresse2Etablissement': {'complementAdresse2Etablissement': None, 'numeroVoie2Etablissement': None, 'indiceRepetition2Etablissement': None, 'typeVoie2Etablissement': None, 'libelleVoie2Etablissement': None, 'codePostal2Etablissement': None, 'libelleCommune2Etablissement': None, 'libelleCommuneEtranger2Etablissement': None, 'distributionSpeciale2Etablissement': None, 'codeCommune2Etablissement': None, 'codeCedex2Etablissement': None, 'libelleCedex2Etablissement': None, 'codePaysEtranger2Etablissement': None, 'libellePaysEtranger2Etablissement': None}, 'periodesEtablissement': [{'dateFin': None, 'dateDebut': '2008-01-01', 'etatAdministratifEtablissement': 'A', 'changementEtatAdministratifEtablissement': False, 'enseigne1Etablissement': None, 'enseigne2Etablissement': None, 'enseigne3Etablissement': None, 'changementEnseigneEtablissement': False, 'denominationUsuelleEtablissement': None, 'changementDenominationUsuelleEtablissement': False, 'activitePrincipaleEtablissement': '62.01Z', 'nomenclatureActivitePrincipaleEtablissement': 'NAFRev2', 'changementActivitePrincipaleEtablissement': True, 'caractereEmployeurEtablissement': 'N', 'changementCaractereEmployeurEtablissement': False}, {'dateFin': '2007-12-31', 'dateDebut': '2003-12-25', 'etatAdministratifEtablissement': 'A', 'changementEtatAdministratifEtablissement': False, 'enseigne1Etablissement': None, 'enseigne2Etablissement': None, 'enseigne3Etablissement': None, 'changementEnseigneEtablissement': False, 'denominationUsuelleEtablissement': None, 'changementDenominationUsuelleEtablissement': False, 'activitePrincipaleEtablissement': '72.2C', 'nomenclatureActivitePrincipaleEtablissement': 'NAFRev1', 'changementActivitePrincipaleEtablissement': True, 'caractereEmployeurEtablissement': 'N', 'changementCaractereEmployeurEtablissement': False}, {'dateFin': '2003-12-24', 'dateDebut': '1995-12-25', 'etatAdministratifEtablissement': 'A', 'changementEtatAdministratifEtablissement': False, 'enseigne1Etablissement': None, 'enseigne2Etablissement': None, 'enseigne3Etablissement': None, 'changementEnseigneEtablissement': False, 'denominationUsuelleEtablissement': None, 'changementDenominationUsuelleEtablissement': False, 'activitePrincipaleEtablissement': '72.2Z', 'nomenclatureActivitePrincipaleEtablissement': 'NAF1993', 'changementActivitePrincipaleEtablissement': True, 'caractereEmployeurEtablissement': 'N', 'changementCaractereEmployeurEtablissement': False}, {'dateFin': '1995-12-24', 'dateDebut': '1995-12-15', 'etatAdministratifEtablissement': 'A', 'changementEtatAdministratifEtablissement': False, 'enseigne1Etablissement': None, 'enseigne2Etablissement': None, 'enseigne3Etablissement': None, 'changementEnseigneEtablissement': False, 'denominationUsuelleEtablissement': None, 'changementDenominationUsuelleEtablissement': False, 'activitePrincipaleEtablissement': None, 'nomenclatureActivitePrincipaleEtablissement': None, 'changementActivitePrincipaleEtablissement': False, 'caractereEmployeurEtablissement': 'N', 'changementCaractereEmployeurEtablissement': False}]}, {'siren': '403215452', 'nic': '00034', 'siret': '40321545200034', 'statutDiffusionEtablissement': 'O', 'dateCreationEtablissement': '2010-10-01', 'trancheEffectifsEtablissement': None, 'anneeEffectifsEtablissement': None, 'activitePrincipaleRegistreMetiersEtablissement': None, 'dateDernierTraitementEtablissement': '2019-11-14T14:00:38', 'etablissementSiege': False, 'nombrePeriodesEtablissement': 2, 'uniteLegale': {'etatAdministratifUniteLegale': 'C', 'statutDiffusionUniteLegale': 'O', 'dateCreationUniteLegale': '1995-11-01', 'categorieJuridiqueUniteLegale': '1000', 'denominationUniteLegale': None, 'sigleUniteLegale': None, 'denominationUsuelle1UniteLegale': None, 'denominationUsuelle2UniteLegale': None, 'denominationUsuelle3UniteLegale': None, 'sexeUniteLegale': 'M', 'nomUniteLegale': 'JEANSAUME', 'nomUsageUniteLegale': None, 'prenom1UniteLegale': 'ANDRE', 'prenom2UniteLegale': None, 'prenom3UniteLegale': None, 'prenom4UniteLegale': None, 'prenomUsuelUniteLegale': 'ANDRE', 'pseudonymeUniteLegale': None, 'activitePrincipaleUniteLegale': '71.12B', 'nomenclatureActivitePrincipaleUniteLegale': 'NAFRev2', 'identifiantAssociationUniteLegale': None, 'economieSocialeSolidaireUniteLegale': None, 'societeMissionUniteLegale': None, 'caractereEmployeurUniteLegale': 'N', 'trancheEffectifsUniteLegale': 'NN', 'anneeEffectifsUniteLegale': None, 'nicSiegeUniteLegale': '00042', 'dateDernierTraitementUniteLegale': '2016-07-14T07:17:42', 'categorieEntreprise': None, 'anneeCategorieEntreprise': None}, 'adresseEtablissement': {'complementAdresseEtablissement': None, 'numeroVoieEtablissement': '12', 'indiceRepetitionEtablissement': None, 'typeVoieEtablissement': 'RUE', 'libelleVoieEtablissement': 'THIOLLIERE-MATRAT', 'codePostalEtablissement': '42100', 'libelleCommuneEtablissement': 'SAINT-ETIENNE', 'libelleCommuneEtrangerEtablissement': None, 'distributionSpecialeEtablissement': None, 'codeCommuneEtablissement': '42218', 'codeCedexEtablissement': None, 'libelleCedexEtablissement': None, 'codePaysEtrangerEtablissement': None, 'libellePaysEtrangerEtablissement': None}, 'adresse2Etablissement': {'complementAdresse2Etablissement': None, 'numeroVoie2Etablissement': None, 'indiceRepetition2Etablissement': None, 'typeVoie2Etablissement': None, 'libelleVoie2Etablissement': None, 'codePostal2Etablissement': None, 'libelleCommune2Etablissement': None, 'libelleCommuneEtranger2Etablissement': None, 'distributionSpeciale2Etablissement': None, 'codeCommune2Etablissement': None, 'codeCedex2Etablissement': None, 'libelleCedex2Etablissement': None, 'codePaysEtranger2Etablissement': None, 'libellePaysEtranger2Etablissement': None}, 'periodesEtablissement': [{'dateFin': None, 'dateDebut': '2011-12-31', 'etatAdministratifEtablissement': 'F', 'changementEtatAdministratifEtablissement': True, 'enseigne1Etablissement': 'INGENIEURIE INFORMATIQUE', 'enseigne2Etablissement': None, 'enseigne3Etablissement': None, 'changementEnseigneEtablissement': False, 'denominationUsuelleEtablissement': None, 'changementDenominationUsuelleEtablissement': False, 'activitePrincipaleEtablissement': '62.01Z', 'nomenclatureActivitePrincipaleEtablissement': 'NAFRev2', 'changementActivitePrincipaleEtablissement': False, 'caractereEmployeurEtablissement': 'N', 'changementCaractereEmployeurEtablissement': False}, {'dateFin': '2011-12-30', 'dateDebut': '2010-10-01', 'etatAdministratifEtablissement': 'A', 'changementEtatAdministratifEtablissement': False, 'enseigne1Etablissement': 'INGENIEURIE INFORMATIQUE', 'enseigne2Etablissement': None, 'enseigne3Etablissement': None, 'changementEnseigneEtablissement': False, 'denominationUsuelleEtablissement': None, 'changementDenominationUsuelleEtablissement': False, 'activitePrincipaleEtablissement': '62.01Z', 'nomenclatureActivitePrincipaleEtablissement': 'NAFRev2', 'changementActivitePrincipaleEtablissement': False, 'caractereEmployeurEtablissement': 'N', 'changementCaractereEmployeurEtablissement': False}]}, {'siren': '403222987', 'nic': '00071', 'siret': '40322298700071', 'statutDiffusionEtablissement': 'O', 'dateCreationEtablissement': '2010-12-01', 'trancheEffectifsEtablissement': '11', 'anneeEffectifsEtablissement': '2020', 'activitePrincipaleRegistreMetiersEtablissement': None, 'dateDernierTraitementEtablissement': '2022-08-29T09:23:47', 'etablissementSiege': True, 'nombrePeriodesEtablissement': 2, 'uniteLegale': {'etatAdministratifUniteLegale': 'A', 'statutDiffusionUniteLegale': 'O', 'dateCreationUniteLegale': '1995-12-04', 'categorieJuridiqueUniteLegale': '5499', 'denominationUniteLegale': 'GALAXY SOFTWARE', 'sigleUniteLegale': None, 'denominationUsuelle1UniteLegale': None, 'denominationUsuelle2UniteLegale': None, 'denominationUsuelle3UniteLegale': None, 'sexeUniteLegale': None, 'nomUniteLegale': None, 'nomUsageUniteLegale': None, 'prenom1UniteLegale': None, 'prenom2UniteLegale': None, 'prenom3UniteLegale': None, 'prenom4UniteLegale': None, 'prenomUsuelUniteLegale': None, 'pseudonymeUniteLegale': None, 'activitePrincipaleUniteLegale': '62.02A', 'nomenclatureActivitePrincipaleUniteLegale': 'NAFRev2', 'identifiantAssociationUniteLegale': None, 'economieSocialeSolidaireUniteLegale': None, 'societeMissionUniteLegale': None, 'caractereEmployeurUniteLegale': 'O', 'trancheEffectifsUniteLegale': '11', 'anneeEffectifsUniteLegale': '2020', 'nicSiegeUniteLegale': '00071', 'dateDernierTraitementUniteLegale': '2022-08-29T09:23:47', 'categorieEntreprise': 'PME', 'anneeCategorieEntreprise': '2020'}, 'adresseEtablissement': {'complementAdresseEtablissement': '5-7', 'numeroVoieEtablissement': '5', 'indiceRepetitionEtablissement': None, 'typeVoieEtablissement': 'RUE', 'libelleVoieEtablissement': 'DE L AMIRAL COURBET', 'codePostalEtablissement': '94160', 'libelleCommuneEtablissement': 'SAINT-MANDE', 'libelleCommuneEtrangerEtablissement': None, 'distributionSpecialeEtablissement': None, 'codeCommuneEtablissement': '94067', 'codeCedexEtablissement': None, 'libelleCedexEtablissement': None, 'codePaysEtrangerEtablissement': None, 'libellePaysEtrangerEtablissement': None}, 'adresse2Etablissement': {'complementAdresse2Etablissement': None, 'numeroVoie2Etablissement': None, 'indiceRepetition2Etablissement': None, 'typeVoie2Etablissement': None, 'libelleVoie2Etablissement': None, 'codePostal2Etablissement': None, 'libelleCommune2Etablissement': None, 'libelleCommuneEtranger2Etablissement': None, 'distributionSpeciale2Etablissement': None, 'codeCommune2Etablissement': None, 'codeCedex2Etablissement': None, 'libelleCedex2Etablissement': None, 'codePaysEtranger2Etablissement': None, 'libellePaysEtranger2Etablissement': None}, 'periodesEtablissement': [{'dateFin': None, 'dateDebut': '2016-12-31', 'etatAdministratifEtablissement': 'A', 'changementEtatAdministratifEtablissement': False, 'enseigne1Etablissement': None, 'enseigne2Etablissement': None, 'enseigne3Etablissement': None, 'changementEnseigneEtablissement': False, 'denominationUsuelleEtablissement': None, 'changementDenominationUsuelleEtablissement': False, 'activitePrincipaleEtablissement': '62.02A', 'nomenclatureActivitePrincipaleEtablissement': 'NAFRev2', 'changementActivitePrincipaleEtablissement': True, 'caractereEmployeurEtablissement': 'O', 'changementCaractereEmployeurEtablissement': False}, {'dateFin': '2016-12-30', 'dateDebut': '2010-12-01', 'etatAdministratifEtablissement': 'A', 'changementEtatAdministratifEtablissement': False, 'enseigne1Etablissement': None, 'enseigne2Etablissement': None, 'enseigne3Etablissement': None, 'changementEnseigneEtablissement': False, 'denominationUsuelleEtablissement': None, 'changementDenominationUsuelleEtablissement': False, 'activitePrincipaleEtablissement': '62.01Z', 'nomenclatureActivitePrincipaleEtablissement': 'NAFRev2', 'changementActivitePrincipaleEtablissement': False, 'caractereEmployeurEtablissement': 'O', 'changementCaractereEmployeurEtablissement': False}]}, {'siren': '408407161', 'nic': '00020', 'siret': '40840716100020', 'statutDiffusionEtablissement': 'O', 'dateCreationEtablissement': '2002-06-21', 'trancheEffectifsEtablissement': 'NN', 'anneeEffectifsEtablissement': None, 'activitePrincipaleRegistreMetiersEtablissement': None, 'dateDernierTraitementEtablissement': '2010-04-18T07:17:09', 'etablissementSiege': True, 'nombrePeriodesEtablissement': 4, 'uniteLegale': {'etatAdministratifUniteLegale': 'C', 'statutDiffusionUniteLegale': 'O', 'dateCreationUniteLegale': '1996-05-10', 'categorieJuridiqueUniteLegale': '5710', 'denominationUniteLegale': 'RESOLUTION LILLE', 'sigleUniteLegale': None, 'denominationUsuelle1UniteLegale': None, 'denominationUsuelle2UniteLegale': None, 'denominationUsuelle3UniteLegale': None, 'sexeUniteLegale': None, 'nomUniteLegale': None, 'nomUsageUniteLegale': None, 'prenom1UniteLegale': None, 'prenom2UniteLegale': None, 'prenom3UniteLegale': None, 'prenom4UniteLegale': None, 'prenomUsuelUniteLegale': None, 'pseudonymeUniteLegale': None, 'activitePrincipaleUniteLegale': '62.01Z', 'nomenclatureActivitePrincipaleUniteLegale': 'NAFRev2', 'identifiantAssociationUniteLegale': None, 'economieSocialeSolidaireUniteLegale': None, 'societeMissionUniteLegale': None, 'caractereEmployeurUniteLegale': 'O', 'trancheEffectifsUniteLegale': 'NN', 'anneeEffectifsUniteLegale': None, 'nicSiegeUniteLegale': '00020', 'dateDernierTraitementUniteLegale': '2010-08-14T00:52:56', 'categorieEntreprise': None, 'anneeCategorieEntreprise': None}, 'adresseEtablissement': {'complementAdresseEtablissement': '1-3', 'numeroVoieEtablissement': '1', 'indiceRepetitionEtablissement': None, 'typeVoieEtablissement': 'ALL', 'libelleVoieEtablissement': 'LAVOISIER', 'codePostalEtablissement': '59650', 'libelleCommuneEtablissement': "VILLENEUVE D'ASCQ", 'libelleCommuneEtrangerEtablissement': None, 'distributionSpecialeEtablissement': None, 'codeCommuneEtablissement': '59009', 'codeCedexEtablissement': None, 'libelleCedexEtablissement': None, 'codePaysEtrangerEtablissement': None, 'libellePaysEtrangerEtablissement': None}, 'adresse2Etablissement': {'complementAdresse2Etablissement': None, 'numeroVoie2Etablissement': None, 'indiceRepetition2Etablissement': None, 'typeVoie2Etablissement': None, 'libelleVoie2Etablissement': None, 'codePostal2Etablissement': None, 'libelleCommune2Etablissement': None, 'libelleCommuneEtranger2Etablissement': None, 'distributionSpeciale2Etablissement': None, 'codeCommune2Etablissement': None, 'codeCedex2Etablissement': None, 'libelleCedex2Etablissement': None, 'codePaysEtranger2Etablissement': None, 'libellePaysEtranger2Etablissement': None}, 'periodesEtablissement': [{'dateFin': None, 'dateDebut': '2008-11-24', 'etatAdministratifEtablissement': 'F', 'changementEtatAdministratifEtablissement': True, 'enseigne1Etablissement': None, 'enseigne2Etablissement': None, 'enseigne3Etablissement': None, 'changementEnseigneEtablissement': False, 'denominationUsuelleEtablissement': None, 'changementDenominationUsuelleEtablissement': False, 'activitePrincipaleEtablissement': '62.01Z', 'nomenclatureActivitePrincipaleEtablissement': 'NAFRev2', 'changementActivitePrincipaleEtablissement': False, 'caractereEmployeurEtablissement': 'O', 'changementCaractereEmployeurEtablissement': False}, {'dateFin': '2008-11-23', 'dateDebut': '2008-01-01', 'etatAdministratifEtablissement': 'A', 'changementEtatAdministratifEtablissement': False, 'enseigne1Etablissement': None, 'enseigne2Etablissement': None, 'enseigne3Etablissement': None, 'changementEnseigneEtablissement': False, 'denominationUsuelleEtablissement': None, 'changementDenominationUsuelleEtablissement': False, 'activitePrincipaleEtablissement': '62.01Z', 'nomenclatureActivitePrincipaleEtablissement': 'NAFRev2', 'changementActivitePrincipaleEtablissement': True, 'caractereEmployeurEtablissement': 'O', 'changementCaractereEmployeurEtablissement': False}, {'dateFin': '2007-12-31', 'dateDebut': '2002-12-25', 'etatAdministratifEtablissement': 'A', 'changementEtatAdministratifEtablissement': False, 'enseigne1Etablissement': None, 'enseigne2Etablissement': None, 'enseigne3Etablissement': None, 'changementEnseigneEtablissement': False, 'denominationUsuelleEtablissement': None, 'changementDenominationUsuelleEtablissement': False, 'activitePrincipaleEtablissement': '72.2C', 'nomenclatureActivitePrincipaleEtablissement': 'NAF1993', 'changementActivitePrincipaleEtablissement': True, 'caractereEmployeurEtablissement': 'O', 'changementCaractereEmployeurEtablissement': True}, {'dateFin': '2002-12-24', 'dateDebut': '2002-06-21', 'etatAdministratifEtablissement': 'A', 'changementEtatAdministratifEtablissement': False, 'enseigne1Etablissement': None, 'enseigne2Etablissement': None, 'enseigne3Etablissement': None, 'changementEnseigneEtablissement': False, 'denominationUsuelleEtablissement': None, 'changementDenominationUsuelleEtablissement': False, 'activitePrincipaleEtablissement': None, 'nomenclatureActivitePrincipaleEtablissement': None, 'changementActivitePrincipaleEtablissement': False, 'caractereEmployeurEtablissement': None, 'changementCaractereEmployeurEtablissement': False}]}, {'siren': '408449247', 'nic': '00027', 'siret': '40844924700027', 'statutDiffusionEtablissement': 'O', 'dateCreationEtablissement': '2010-12-01', 'trancheEffectifsEtablissement': None, 'anneeEffectifsEtablissement': None, 'activitePrincipaleRegistreMetiersEtablissement': None, 'dateDernierTraitementEtablissement': '2018-05-21T08:32:57', 'etablissementSiege': True, 'nombrePeriodesEtablissement': 5, 'uniteLegale': {'etatAdministratifUniteLegale': 'C', 'statutDiffusionUniteLegale': 'O', 'dateCreationUniteLegale': '1996-08-01', 'categorieJuridiqueUniteLegale': '1000', 'denominationUniteLegale': None, 'sigleUniteLegale': None, 'denominationUsuelle1UniteLegale': None, 'denominationUsuelle2UniteLegale': None, 'denominationUsuelle3UniteLegale': None, 'sexeUniteLegale': 'M', 'nomUniteLegale': 'GENON', 'nomUsageUniteLegale': None, 'prenom1UniteLegale': 'DANIEL', 'prenom2UniteLegale': 'LOUIS', 'prenom3UniteLegale': None, 'prenom4UniteLegale': None, 'prenomUsuelUniteLegale': 'DANIEL', 'pseudonymeUniteLegale': None, 'activitePrincipaleUniteLegale': '18.13Z', 'nomenclatureActivitePrincipaleUniteLegale': 'NAFRev2', 'identifiantAssociationUniteLegale': None, 'economieSocialeSolidaireUniteLegale': None, 'societeMissionUniteLegale': None, 'caractereEmployeurUniteLegale': 'N', 'trancheEffectifsUniteLegale': 'NN', 'anneeEffectifsUniteLegale': None, 'nicSiegeUniteLegale': '00027', 'dateDernierTraitementUniteLegale': '2018-05-21T08:32:57', 'categorieEntreprise': None, 'anneeCategorieEntreprise': None}, 'adresseEtablissement': {'complementAdresseEtablissement': None, 'numeroVoieEtablissement': '567', 'indiceRepetitionEtablissement': None, 'typeVoieEtablissement': 'RUE', 'libelleVoieEtablissement': 'JEAN MOULIN', 'codePostalEtablissement': '08500', 'libelleCommuneEtablissement': 'REVIN', 'libelleCommuneEtrangerEtablissement': None, 'distributionSpecialeEtablissement': None, 'codeCommuneEtablissement': '08363', 'codeCedexEtablissement': None, 'libelleCedexEtablissement': None, 'codePaysEtrangerEtablissement': None, 'libellePaysEtrangerEtablissement': None}, 'adresse2Etablissement': {'complementAdresse2Etablissement': None, 'numeroVoie2Etablissement': None, 'indiceRepetition2Etablissement': None, 'typeVoie2Etablissement': None, 'libelleVoie2Etablissement': None, 'codePostal2Etablissement': None, 'libelleCommune2Etablissement': None, 'libelleCommuneEtranger2Etablissement': None, 'distributionSpeciale2Etablissement': None, 'codeCommune2Etablissement': None, 'codeCedex2Etablissement': None, 'libelleCedex2Etablissement': None, 'codePaysEtranger2Etablissement': None, 'libellePaysEtranger2Etablissement': None}, 'periodesEtablissement': [{'dateFin': None, 'dateDebut': '2018-05-31', 'etatAdministratifEtablissement': 'F', 'changementEtatAdministratifEtablissement': True, 'enseigne1Etablissement': None, 'enseigne2Etablissement': None, 'enseigne3Etablissement': None, 'changementEnseigneEtablissement': False, 'denominationUsuelleEtablissement': None, 'changementDenominationUsuelleEtablissement': False, 'activitePrincipaleEtablissement': '18.13Z', 'nomenclatureActivitePrincipaleEtablissement': 'NAFRev2', 'changementActivitePrincipaleEtablissement': False, 'caractereEmployeurEtablissement': 'N', 'changementCaractereEmployeurEtablissement': False}, {'dateFin': '2018-05-30', 'dateDebut': '2016-12-31', 'etatAdministratifEtablissement': 'A', 'changementEtatAdministratifEtablissement': False, 'enseigne1Etablissement': None, 'enseigne2Etablissement': None, 'enseigne3Etablissement': None, 'changementEnseigneEtablissement': False, 'denominationUsuelleEtablissement': None, 'changementDenominationUsuelleEtablissement': False, 'activitePrincipaleEtablissement': '18.13Z', 'nomenclatureActivitePrincipaleEtablissement': 'NAFRev2', 'changementActivitePrincipaleEtablissement': True, 'caractereEmployeurEtablissement': 'N', 'changementCaractereEmployeurEtablissement': False}, {'dateFin': '2016-12-30', 'dateDebut': '2015-07-01', 'etatAdministratifEtablissement': 'A', 'changementEtatAdministratifEtablissement': True, 'enseigne1Etablissement': None, 'enseigne2Etablissement': None, 'enseigne3Etablissement': None, 'changementEnseigneEtablissement': False, 'denominationUsuelleEtablissement': None, 'changementDenominationUsuelleEtablissement': True, 'activitePrincipaleEtablissement': '62.09Z', 'nomenclatureActivitePrincipaleEtablissement': 'NAFRev2', 'changementActivitePrincipaleEtablissement': True, 'caractereEmployeurEtablissement': 'N', 'changementCaractereEmployeurEtablissement': False}, {'dateFin': '2015-06-30', 'dateDebut': '2012-12-31', 'etatAdministratifEtablissement': 'F', 'changementEtatAdministratifEtablissement': True, 'enseigne1Etablissement': None, 'enseigne2Etablissement': None, 'enseigne3Etablissement': None, 'changementEnseigneEtablissement': False, 'denominationUsuelleEtablissement': 'GENON LOGICIELS ARDENNES', 'changementDenominationUsuelleEtablissement': False, 'activitePrincipaleEtablissement': '62.01Z', 'nomenclatureActivitePrincipaleEtablissement': 'NAFRev2', 'changementActivitePrincipaleEtablissement': False, 'caractereEmployeurEtablissement': 'N', 'changementCaractereEmployeurEtablissement': False}, {'dateFin': '2012-12-30', 'dateDebut': '2010-12-01', 'etatAdministratifEtablissement': 'A', 'changementEtatAdministratifEtablissement': False, 'enseigne1Etablissement': None, 'enseigne2Etablissement': None, 'enseigne3Etablissement': None, 'changementEnseigneEtablissement': False, 'denominationUsuelleEtablissement': 'GENON LOGICIELS ARDENNES', 'changementDenominationUsuelleEtablissement': False, 'activitePrincipaleEtablissement': '62.01Z', 'nomenclatureActivitePrincipaleEtablissement': 'NAFRev2', 'changementActivitePrincipaleEtablissement': False, 'caractereEmployeurEtablissement': 'N', 'changementCaractereEmployeurEtablissement': False}]}, {'siren': '408512861', 'nic': '00035', 'siret': '40851286100035', 'statutDiffusionEtablissement': 'O', 'dateCreationEtablissement': '2016-10-10', 'trancheEffectifsEtablissement': '03', 'anneeEffectifsEtablissement': '2020', 'activitePrincipaleRegistreMetiersEtablissement': None, 'dateDernierTraitementEtablissement': '2022-08-29T09:26:03', 'etablissementSiege': True, 'nombrePeriodesEtablissement': 2, 'uniteLegale': {'etatAdministratifUniteLegale': 'A', 'statutDiffusionUniteLegale': 'O', 'dateCreationUniteLegale': '1996-08-15', 'categorieJuridiqueUniteLegale': '5499', 'denominationUniteLegale': 'PC PAL', 'sigleUniteLegale': None, 'denominationUsuelle1UniteLegale': None, 'denominationUsuelle2UniteLegale': None, 'denominationUsuelle3UniteLegale': None, 'sexeUniteLegale': None, 'nomUniteLegale': None, 'nomUsageUniteLegale': None, 'prenom1UniteLegale': None, 'prenom2UniteLegale': None, 'prenom3UniteLegale': None, 'prenom4UniteLegale': None, 'prenomUsuelUniteLegale': None, 'pseudonymeUniteLegale': None, 'activitePrincipaleUniteLegale': '62.01Z', 'nomenclatureActivitePrincipaleUniteLegale': 'NAFRev2', 'identifiantAssociationUniteLegale': None, 'economieSocialeSolidaireUniteLegale': 'N', 'societeMissionUniteLegale': None, 'caractereEmployeurUniteLegale': 'O', 'trancheEffectifsUniteLegale': '03', 'anneeEffectifsUniteLegale': '2020', 'nicSiegeUniteLegale': '00035', 'dateDernierTraitementUniteLegale': '2022-08-29T09:26:03', 'categorieEntreprise': 'PME', 'anneeCategorieEntreprise': '2020'}, 'adresseEtablissement': {'complementAdresseEtablissement': None, 'numeroVoieEtablissement': '26', 'indiceRepetitionEtablissement': None, 'typeVoieEtablissement': 'CHE', 'libelleVoieEtablissement': 'DE LA CREUSE VOIE', 'codePostalEtablissement': '91570', 'libelleCommuneEtablissement': 'BIEVRES', 'libelleCommuneEtrangerEtablissement': None, 'distributionSpecialeEtablissement': None, 'codeCommuneEtablissement': '91064', 'codeCedexEtablissement': None, 'libelleCedexEtablissement': None, 'codePaysEtrangerEtablissement': None, 'libellePaysEtrangerEtablissement': None}, 'adresse2Etablissement': {'complementAdresse2Etablissement': None, 'numeroVoie2Etablissement': None, 'indiceRepetition2Etablissement': None, 'typeVoie2Etablissement': None, 'libelleVoie2Etablissement': None, 'codePostal2Etablissement': None, 'libelleCommune2Etablissement': None, 'libelleCommuneEtranger2Etablissement': None, 'distributionSpeciale2Etablissement': None, 'codeCommune2Etablissement': None, 'codeCedex2Etablissement': None, 'libelleCedex2Etablissement': None, 'codePaysEtranger2Etablissement': None, 'libellePaysEtranger2Etablissement': None}, 'periodesEtablissement': [{'dateFin': None, 'dateDebut': '2017-01-29', 'etatAdministratifEtablissement': 'A', 'changementEtatAdministratifEtablissement': False, 'enseigne1Etablissement': None, 'enseigne2Etablissement': None, 'enseigne3Etablissement': None, 'changementEnseigneEtablissement': False, 'denominationUsuelleEtablissement': None, 'changementDenominationUsuelleEtablissement': False, 'activitePrincipaleEtablissement': '62.01Z', 'nomenclatureActivitePrincipaleEtablissement': 'NAFRev2', 'changementActivitePrincipaleEtablissement': False, 'caractereEmployeurEtablissement': 'O', 'changementCaractereEmployeurEtablissement': True}, {'dateFin': '2017-01-28', 'dateDebut': '2016-10-10', 'etatAdministratifEtablissement': 'A', 'changementEtatAdministratifEtablissement': False, 'enseigne1Etablissement': None, 'enseigne2Etablissement': None, 'enseigne3Etablissement': None, 'changementEnseigneEtablissement': False, 'denominationUsuelleEtablissement': None, 'changementDenominationUsuelleEtablissement': False, 'activitePrincipaleEtablissement': '62.01Z', 'nomenclatureActivitePrincipaleEtablissement': 'NAFRev2', 'changementActivitePrincipaleEtablissement': False, 'caractereEmployeurEtablissement': 'N', 'changementCaractereEmployeurEtablissement': False}]}, {'siren': '408515609', 'nic': '00027', 'siret': '40851560900027', 'statutDiffusionEtablissement': 'O', 'dateCreationEtablissement': '2002-07-17', 'trancheEffectifsEtablissement': 'NN', 'anneeEffectifsEtablissement': None, 'activitePrincipaleRegistreMetiersEtablissement': None, 'dateDernierTraitementEtablissement': '2017-06-16T03:04:42', 'etablissementSiege': True, 'nombrePeriodesEtablissement': 6, 'uniteLegale': {'etatAdministratifUniteLegale': 'A', 'statutDiffusionUniteLegale': 'O', 'dateCreationUniteLegale': '1996-08-01', 'categorieJuridiqueUniteLegale': '5710', 'denominationUniteLegale': 'I COMME...', 'sigleUniteLegale': None, 'denominationUsuelle1UniteLegale': None, 'denominationUsuelle2UniteLegale': None, 'denominationUsuelle3UniteLegale': None, 'sexeUniteLegale': None, 'nomUniteLegale': None, 'nomUsageUniteLegale': None, 'prenom1UniteLegale': None, 'prenom2UniteLegale': None, 'prenom3UniteLegale': None, 'prenom4UniteLegale': None, 'prenomUsuelUniteLegale': None, 'pseudonymeUniteLegale': None, 'activitePrincipaleUniteLegale': '62.01Z', 'nomenclatureActivitePrincipaleUniteLegale': 'NAFRev2', 'identifiantAssociationUniteLegale': None, 'economieSocialeSolidaireUniteLegale': None, 'societeMissionUniteLegale': None, 'caractereEmployeurUniteLegale': 'N', 'trancheEffectifsUniteLegale': 'NN', 'anneeEffectifsUniteLegale': None, 'nicSiegeUniteLegale': '00027', 'dateDernierTraitementUniteLegale': '2017-06-16T03:04:42', 'categorieEntreprise': None, 'anneeCategorieEntreprise': None}, 'adresseEtablissement': {'complementAdresseEtablissement': None, 'numeroVoieEtablissement': '4', 'indiceRepetitionEtablissement': None, 'typeVoieEtablissement': 'RUE', 'libelleVoieEtablissement': 'DE KEROGAN', 'codePostalEtablissement': '29000', 'libelleCommuneEtablissement': 'QUIMPER', 'libelleCommuneEtrangerEtablissement': None, 'distributionSpecialeEtablissement': None, 'codeCommuneEtablissement': '29232', 'codeCedexEtablissement': None, 'libelleCedexEtablissement': None, 'codePaysEtrangerEtablissement': None, 'libellePaysEtrangerEtablissement': None}, 'adresse2Etablissement': {'complementAdresse2Etablissement': None, 'numeroVoie2Etablissement': None, 'indiceRepetition2Etablissement': None, 'typeVoie2Etablissement': None, 'libelleVoie2Etablissement': None, 'codePostal2Etablissement': None, 'libelleCommune2Etablissement': None, 'libelleCommuneEtranger2Etablissement': None, 'distributionSpeciale2Etablissement': None, 'codeCommune2Etablissement': None, 'codeCedex2Etablissement': None, 'libelleCedex2Etablissement': None, 'codePaysEtranger2Etablissement': None, 'libellePaysEtranger2Etablissement': None}, 'periodesEtablissement': [{'dateFin': None, 'dateDebut': '2017-05-12', 'etatAdministratifEtablissement': 'F', 'changementEtatAdministratifEtablissement': True, 'enseigne1Etablissement': None, 'enseigne2Etablissement': None, 'enseigne3Etablissement': None, 'changementEnseigneEtablissement': False, 'denominationUsuelleEtablissement': None, 'changementDenominationUsuelleEtablissement': False, 'activitePrincipaleEtablissement': '62.01Z', 'nomenclatureActivitePrincipaleEtablissement': 'NAFRev2', 'changementActivitePrincipaleEtablissement': False, 'caractereEmployeurEtablissement': 'N', 'changementCaractereEmployeurEtablissement': False}, {'dateFin': '2017-05-11', 'dateDebut': '2013-06-14', 'etatAdministratifEtablissement': 'A', 'changementEtatAdministratifEtablissement': False, 'enseigne1Etablissement': None, 'enseigne2Etablissement': None, 'enseigne3Etablissement': None, 'changementEnseigneEtablissement': False, 'denominationUsuelleEtablissement': None, 'changementDenominationUsuelleEtablissement': False, 'activitePrincipaleEtablissement': '62.01Z', 'nomenclatureActivitePrincipaleEtablissement': 'NAFRev2', 'changementActivitePrincipaleEtablissement': False, 'caractereEmployeurEtablissement': 'N', 'changementCaractereEmployeurEtablissement': True}, {'dateFin': '2013-06-13', 'dateDebut': '2008-01-01', 'etatAdministratifEtablissement': 'A', 'changementEtatAdministratifEtablissement': False, 'enseigne1Etablissement': None, 'enseigne2Etablissement': None, 'enseigne3Etablissement': None, 'changementEnseigneEtablissement': False, 'denominationUsuelleEtablissement': None, 'changementDenominationUsuelleEtablissement': False, 'activitePrincipaleEtablissement': '62.01Z', 'nomenclatureActivitePrincipaleEtablissement': 'NAFRev2', 'changementActivitePrincipaleEtablissement': True, 'caractereEmployeurEtablissement': 'O', 'changementCaractereEmployeurEtablissement': False}, {'dateFin': '2007-12-31', 'dateDebut': '2003-12-25', 'etatAdministratifEtablissement': 'A', 'changementEtatAdministratifEtablissement': False, 'enseigne1Etablissement': None, 'enseigne2Etablissement': None, 'enseigne3Etablissement': None, 'changementEnseigneEtablissement': False, 'denominationUsuelleEtablissement': None, 'changementDenominationUsuelleEtablissement': False, 'activitePrincipaleEtablissement': '72.2C', 'nomenclatureActivitePrincipaleEtablissement': 'NAFRev1', 'changementActivitePrincipaleEtablissement': True, 'caractereEmployeurEtablissement': 'O', 'changementCaractereEmployeurEtablissement': False}, {'dateFin': '2003-12-24', 'dateDebut': '2002-12-25', 'etatAdministratifEtablissement': 'A', 'changementEtatAdministratifEtablissement': False, 'enseigne1Etablissement': None, 'enseigne2Etablissement': None, 'enseigne3Etablissement': None, 'changementEnseigneEtablissement': False, 'denominationUsuelleEtablissement': None, 'changementDenominationUsuelleEtablissement': False, 'activitePrincipaleEtablissement': None, 'nomenclatureActivitePrincipaleEtablissement': None, 'changementActivitePrincipaleEtablissement': False, 'caractereEmployeurEtablissement': 'O', 'changementCaractereEmployeurEtablissement': True}, {'dateFin': '2002-12-24', 'dateDebut': '2002-07-17', 'etatAdministratifEtablissement': 'A', 'changementEtatAdministratifEtablissement': False, 'enseigne1Etablissement': None, 'enseigne2Etablissement': None, 'enseigne3Etablissement': None, 'changementEnseigneEtablissement': False, 'denominationUsuelleEtablissement': None, 'changementDenominationUsuelleEtablissement': False, 'activitePrincipaleEtablissement': None, 'nomenclatureActivitePrincipaleEtablissement': None, 'changementActivitePrincipaleEtablissement': False, 'caractereEmployeurEtablissement': None, 'changementCaractereEmployeurEtablissement': False}]}, {'siren': '408530988', 'nic': '00034', 'siret': '40853098800034', 'statutDiffusionEtablissement': 'O', 'dateCreationEtablissement': '2012-12-22', 'trancheEffectifsEtablissement': 'NN', 'anneeEffectifsEtablissement': None, 'activitePrincipaleRegistreMetiersEtablissement': None, 'dateDernierTraitementEtablissement': '2019-11-14T14:00:37', 'etablissementSiege': True, 'nombrePeriodesEtablissement': 2, 'uniteLegale': {'etatAdministratifUniteLegale': 'C', 'statutDiffusionUniteLegale': 'O', 'dateCreationUniteLegale': '1996-08-02', 'categorieJuridiqueUniteLegale': '5599', 'denominationUniteLegale': 'OCIWEN', 'sigleUniteLegale': None, 'denominationUsuelle1UniteLegale': None, 'denominationUsuelle2UniteLegale': None, 'denominationUsuelle3UniteLegale': None, 'sexeUniteLegale': None, 'nomUniteLegale': None, 'nomUsageUniteLegale': None, 'prenom1UniteLegale': None, 'prenom2UniteLegale': None, 'prenom3UniteLegale': None, 'prenom4UniteLegale': None, 'prenomUsuelUniteLegale': None, 'pseudonymeUniteLegale': None, 'activitePrincipaleUniteLegale': '62.01Z', 'nomenclatureActivitePrincipaleUniteLegale': 'NAFRev2', 'identifiantAssociationUniteLegale': None, 'economieSocialeSolidaireUniteLegale': None, 'societeMissionUniteLegale': None, 'caractereEmployeurUniteLegale': 'O', 'trancheEffectifsUniteLegale': 'NN', 'anneeEffectifsUniteLegale': None, 'nicSiegeUniteLegale': '00034', 'dateDernierTraitementUniteLegale': '2018-09-29T12:33:14', 'categorieEntreprise': None, 'anneeCategorieEntreprise': None}, 'adresseEtablissement': {'complementAdresseEtablissement': None, 'numeroVoieEtablissement': '8', 'indiceRepetitionEtablissement': None, 'typeVoieEtablissement': 'IMP', 'libelleVoieEtablissement': 'DU MARAIS', 'codePostalEtablissement': '41210', 'libelleCommuneEtablissement': 'MARCILLY-EN-GAULT', 'libelleCommuneEtrangerEtablissement': None, 'distributionSpecialeEtablissement': None, 'codeCommuneEtablissement': '41125', 'codeCedexEtablissement': None, 'libelleCedexEtablissement': None, 'codePaysEtrangerEtablissement': None, 'libellePaysEtrangerEtablissement': None}, 'adresse2Etablissement': {'complementAdresse2Etablissement': None, 'numeroVoie2Etablissement': None, 'indiceRepetition2Etablissement': None, 'typeVoie2Etablissement': None, 'libelleVoie2Etablissement': None, 'codePostal2Etablissement': None, 'libelleCommune2Etablissement': None, 'libelleCommuneEtranger2Etablissement': None, 'distributionSpeciale2Etablissement': None, 'codeCommune2Etablissement': None, 'codeCedex2Etablissement': None, 'libelleCedex2Etablissement': None, 'codePaysEtranger2Etablissement': None, 'libellePaysEtranger2Etablissement': None}, 'periodesEtablissement': [{'dateFin': None, 'dateDebut': '2016-12-31', 'etatAdministratifEtablissement': 'F', 'changementEtatAdministratifEtablissement': True, 'enseigne1Etablissement': None, 'enseigne2Etablissement': None, 'enseigne3Etablissement': None, 'changementEnseigneEtablissement': False, 'denominationUsuelleEtablissement': None, 'changementDenominationUsuelleEtablissement': False, 'activitePrincipaleEtablissement': '62.01Z', 'nomenclatureActivitePrincipaleEtablissement': 'NAFRev2', 'changementActivitePrincipaleEtablissement': False, 'caractereEmployeurEtablissement': 'O', 'changementCaractereEmployeurEtablissement': False}, {'dateFin': '2016-12-30', 'dateDebut': '2012-12-22', 'etatAdministratifEtablissement': 'A', 'changementEtatAdministratifEtablissement': False, 'enseigne1Etablissement': None, 'enseigne2Etablissement': None, 'enseigne3Etablissement': None, 'changementEnseigneEtablissement': False, 'denominationUsuelleEtablissement': None, 'changementDenominationUsuelleEtablissement': False, 'activitePrincipaleEtablissement': '62.01Z', 'nomenclatureActivitePrincipaleEtablissement': 'NAFRev2', 'changementActivitePrincipaleEtablissement': False, 'caractereEmployeurEtablissement': 'O', 'changementCaractereEmployeurEtablissement': False}]}]}
